Archive member included to satisfy reference by file (symbol)

c:/progra~2/gnutoo~1/92019-~1/bin/../lib/gcc/arm-none-eabi/9.2.1/thumb/v7-m/nofp\libgcc.a(_arm_muldf3.o)
                              CMakeFiles/EEHOMEWORK.elf.dir/Src/main.c.obj (__aeabi_dmul)
c:/progra~2/gnutoo~1/92019-~1/bin/../lib/gcc/arm-none-eabi/9.2.1/thumb/v7-m/nofp\libgcc.a(_arm_addsubdf3.o)
                              CMakeFiles/EEHOMEWORK.elf.dir/Src/main.c.obj (__aeabi_dadd)
c:/progra~2/gnutoo~1/92019-~1/bin/../lib/gcc/arm-none-eabi/9.2.1/thumb/v7-m/nofp\libgcc.a(_arm_muldivdf3.o)
                              CMakeFiles/EEHOMEWORK.elf.dir/Src/main.c.obj (__aeabi_ddiv)
c:/progra~2/gnutoo~1/92019-~1/bin/../lib/gcc/arm-none-eabi/9.2.1/thumb/v7-m/nofp\libgcc.a(_arm_fixdfsi.o)
                              CMakeFiles/EEHOMEWORK.elf.dir/Src/main.c.obj (__aeabi_d2iz)
c:/progra~2/gnutoo~1/92019-~1/bin/../lib/gcc/arm-none-eabi/9.2.1/thumb/v7-m/nofp\libgcc.a(_arm_fixunsdfsi.o)
                              CMakeFiles/EEHOMEWORK.elf.dir/Src/main.c.obj (__aeabi_d2uiz)
c:/progra~2/gnutoo~1/92019-~1/bin/../lib/gcc/arm-none-eabi/9.2.1/../../../../arm-none-eabi/lib/thumb/v7-m/nofp\libg_nano.a(lib_a-errno.o)
                              CMakeFiles/EEHOMEWORK.elf.dir/Src/syscalls.c.obj (__errno)
c:/progra~2/gnutoo~1/92019-~1/bin/../lib/gcc/arm-none-eabi/9.2.1/../../../../arm-none-eabi/lib/thumb/v7-m/nofp\libg_nano.a(lib_a-exit.o)
                              c:/progra~2/gnutoo~1/92019-~1/bin/../lib/gcc/arm-none-eabi/9.2.1/../../../../arm-none-eabi/lib/thumb/v7-m/nofp/crt0.o (exit)
c:/progra~2/gnutoo~1/92019-~1/bin/../lib/gcc/arm-none-eabi/9.2.1/../../../../arm-none-eabi/lib/thumb/v7-m/nofp\libg_nano.a(lib_a-impure.o)
                              c:/progra~2/gnutoo~1/92019-~1/bin/../lib/gcc/arm-none-eabi/9.2.1/../../../../arm-none-eabi/lib/thumb/v7-m/nofp\libg_nano.a(lib_a-exit.o) (_global_impure_ptr)
c:/progra~2/gnutoo~1/92019-~1/bin/../lib/gcc/arm-none-eabi/9.2.1/../../../../arm-none-eabi/lib/thumb/v7-m/nofp\libg_nano.a(lib_a-init.o)
                              c:/progra~2/gnutoo~1/92019-~1/bin/../lib/gcc/arm-none-eabi/9.2.1/../../../../arm-none-eabi/lib/thumb/v7-m/nofp/crt0.o (__libc_init_array)
c:/progra~2/gnutoo~1/92019-~1/bin/../lib/gcc/arm-none-eabi/9.2.1/../../../../arm-none-eabi/lib/thumb/v7-m/nofp\libg_nano.a(lib_a-memset.o)
                              c:/progra~2/gnutoo~1/92019-~1/bin/../lib/gcc/arm-none-eabi/9.2.1/../../../../arm-none-eabi/lib/thumb/v7-m/nofp/crt0.o (memset)
c:/progra~2/gnutoo~1/92019-~1/bin/../lib/gcc/arm-none-eabi/9.2.1/../../../../arm-none-eabi/lib/thumb/v7-m/nofp\libg_nano.a(lib_a-printf.o)
                              CMakeFiles/EEHOMEWORK.elf.dir/Src/main.c.obj (printf)
c:/progra~2/gnutoo~1/92019-~1/bin/../lib/gcc/arm-none-eabi/9.2.1/../../../../arm-none-eabi/lib/thumb/v7-m/nofp\libg_nano.a(lib_a-findfp.o)
                              c:/progra~2/gnutoo~1/92019-~1/bin/../lib/gcc/arm-none-eabi/9.2.1/../../../../arm-none-eabi/lib/thumb/v7-m/nofp\libg_nano.a(lib_a-printf.o) (__sinit)
c:/progra~2/gnutoo~1/92019-~1/bin/../lib/gcc/arm-none-eabi/9.2.1/../../../../arm-none-eabi/lib/thumb/v7-m/nofp\libg_nano.a(lib_a-fwalk.o)
                              c:/progra~2/gnutoo~1/92019-~1/bin/../lib/gcc/arm-none-eabi/9.2.1/../../../../arm-none-eabi/lib/thumb/v7-m/nofp\libg_nano.a(lib_a-findfp.o) (_fwalk)
c:/progra~2/gnutoo~1/92019-~1/bin/../lib/gcc/arm-none-eabi/9.2.1/../../../../arm-none-eabi/lib/thumb/v7-m/nofp\libg_nano.a(lib_a-lock.o)
                              c:/progra~2/gnutoo~1/92019-~1/bin/../lib/gcc/arm-none-eabi/9.2.1/../../../../arm-none-eabi/lib/thumb/v7-m/nofp\libg_nano.a(lib_a-findfp.o) (__retarget_lock_init_recursive)
c:/progra~2/gnutoo~1/92019-~1/bin/../lib/gcc/arm-none-eabi/9.2.1/../../../../arm-none-eabi/lib/thumb/v7-m/nofp\libg_nano.a(lib_a-nano-mallocr.o)
                              c:/progra~2/gnutoo~1/92019-~1/bin/../lib/gcc/arm-none-eabi/9.2.1/../../../../arm-none-eabi/lib/thumb/v7-m/nofp\libg_nano.a(lib_a-findfp.o) (_malloc_r)
c:/progra~2/gnutoo~1/92019-~1/bin/../lib/gcc/arm-none-eabi/9.2.1/../../../../arm-none-eabi/lib/thumb/v7-m/nofp\libg_nano.a(lib_a-nano-vfprintf.o)
                              c:/progra~2/gnutoo~1/92019-~1/bin/../lib/gcc/arm-none-eabi/9.2.1/../../../../arm-none-eabi/lib/thumb/v7-m/nofp\libg_nano.a(lib_a-printf.o) (_vfprintf_r)
c:/progra~2/gnutoo~1/92019-~1/bin/../lib/gcc/arm-none-eabi/9.2.1/../../../../arm-none-eabi/lib/thumb/v7-m/nofp\libg_nano.a(lib_a-nano-vfprintf_i.o)
                              c:/progra~2/gnutoo~1/92019-~1/bin/../lib/gcc/arm-none-eabi/9.2.1/../../../../arm-none-eabi/lib/thumb/v7-m/nofp\libg_nano.a(lib_a-nano-vfprintf.o) (_printf_i)
c:/progra~2/gnutoo~1/92019-~1/bin/../lib/gcc/arm-none-eabi/9.2.1/../../../../arm-none-eabi/lib/thumb/v7-m/nofp\libg_nano.a(lib_a-sbrkr.o)
[...]
Memory Configuration

Name             Origin             Length             Attributes
RAM              0x20000000         0x00010000         xrw
FLASH            0x08000000         0x00080000         xr
*default*        0x00000000         0xffffffff

Linker script and memory map

LOAD c:/progra~2/gnutoo~1/92019-~1/bin/../lib/gcc/arm-none-eabi/9.2.1/thumb/v7-m/nofp/crti.o
LOAD c:/progra~2/gnutoo~1/92019-~1/bin/../lib/gcc/arm-none-eabi/9.2.1/thumb/v7-m/nofp/crtbegin.o
LOAD c:/progra~2/gnutoo~1/92019-~1/bin/../lib/gcc/arm-none-eabi/9.2.1/../../../../arm-none-eabi/lib/thumb/v7-m/nofp/crt0.o
LOAD CMakeFiles/EEHOMEWORK.elf.dir/Drivers/STM32F1xx_HAL_Driver/Src/stm32f1xx_hal.c.obj
LOAD CMakeFiles/EEHOMEWORK.elf.dir/Drivers/STM32F1xx_HAL_Driver/Src/stm32f1xx_hal_adc.c.obj
LOAD CMakeFiles/EEHOMEWORK.elf.dir/Drivers/STM32F1xx_HAL_Driver/Src/stm32f1xx_hal_adc_ex.c.obj
LOAD CMakeFiles/EEHOMEWORK.elf.dir/Drivers/STM32F1xx_HAL_Driver/Src/stm32f1xx_hal_cortex.c.obj
LOAD CMakeFiles/EEHOMEWORK.elf.dir/Drivers/STM32F1xx_HAL_Driver/Src/stm32f1xx_hal_dac.c.obj
LOAD CMakeFiles/EEHOMEWORK.elf.dir/Drivers/STM32F1xx_HAL_Driver/Src/stm32f1xx_hal_dac_ex.c.obj
LOAD CMakeFiles/EEHOMEWORK.elf.dir/Drivers/STM32F1xx_HAL_Driver/Src/stm32f1xx_hal_dma.c.obj
LOAD CMakeFiles/EEHOMEWORK.elf.dir/Drivers/STM32F1xx_HAL_Driver/Src/stm32f1xx_hal_exti.c.obj
LOAD CMakeFiles/EEHOMEWORK.elf.dir/Drivers/STM32F1xx_HAL_Driver/Src/stm32f1xx_hal_flash.c.obj
LOAD CMakeFiles/EEHOMEWORK.elf.dir/Drivers/STM32F1xx_HAL_Driver/Src/stm32f1xx_hal_flash_ex.c.obj
LOAD CMakeFiles/EEHOMEWORK.elf.dir/Drivers/STM32F1xx_HAL_Driver/Src/stm32f1xx_hal_gpio.c.obj
LOAD CMakeFiles/EEHOMEWORK.elf.dir/Drivers/STM32F1xx_HAL_Driver/Src/stm32f1xx_hal_gpio_ex.c.obj
LOAD CMakeFiles/EEHOMEWORK.elf.dir/Drivers/STM32F1xx_HAL_Driver/Src/stm32f1xx_hal_pwr.c.obj
LOAD CMakeFiles/EEHOMEWORK.elf.dir/Drivers/STM32F1xx_HAL_Driver/Src/stm32f1xx_hal_rcc.c.obj
LOAD CMakeFiles/EEHOMEWORK.elf.dir/Drivers/STM32F1xx_HAL_Driver/Src/stm32f1xx_hal_rcc_ex.c.obj
LOAD CMakeFiles/EEHOMEWORK.elf.dir/Drivers/STM32F1xx_HAL_Driver/Src/stm32f1xx_hal_spi.c.obj
LOAD CMakeFiles/EEHOMEWORK.elf.dir/Drivers/STM32F1xx_HAL_Driver/Src/stm32f1xx_hal_tim.c.obj
LOAD CMakeFiles/EEHOMEWORK.elf.dir/Drivers/STM32F1xx_HAL_Driver/Src/stm32f1xx_hal_tim_ex.c.obj
LOAD CMakeFiles/EEHOMEWORK.elf.dir/Drivers/STM32F1xx_HAL_Driver/Src/stm32f1xx_hal_uart.c.obj
LOAD CMakeFiles/EEHOMEWORK.elf.dir/Src/adc.c.obj
LOAD CMakeFiles/EEHOMEWORK.elf.dir/Src/dac.c.obj
LOAD CMakeFiles/EEHOMEWORK.elf.dir/Src/delay.c.obj
LOAD CMakeFiles/EEHOMEWORK.elf.dir/Src/gpio.c.obj
LOAD CMakeFiles/EEHOMEWORK.elf.dir/Src/infrared_emission.c.obj
LOAD CMakeFiles/EEHOMEWORK.elf.dir/Src/main.c.obj
LOAD CMakeFiles/EEHOMEWORK.elf.dir/Src/smg.c.obj
LOAD CMakeFiles/EEHOMEWORK.elf.dir/Src/spi.c.obj
LOAD CMakeFiles/EEHOMEWORK.elf.dir/Src/stm32f1xx_hal_msp.c.obj
LOAD CMakeFiles/EEHOMEWORK.elf.dir/Src/stm32f1xx_it.c.obj
LOAD CMakeFiles/EEHOMEWORK.elf.dir/Src/syscalls.c.obj
LOAD CMakeFiles/EEHOMEWORK.elf.dir/Src/system_stm32f1xx.c.obj
LOAD CMakeFiles/EEHOMEWORK.elf.dir/Src/tim.c.obj
LOAD CMakeFiles/EEHOMEWORK.elf.dir/Src/usart.c.obj
LOAD CMakeFiles/EEHOMEWORK.elf.dir/startup/startup_stm32f103xe.s.obj
START GROUP
LOAD c:/progra~2/gnutoo~1/92019-~1/bin/../lib/gcc/arm-none-eabi/9.2.1/thumb/v7-m/nofp\libgcc.a
LOAD c:/progra~2/gnutoo~1/92019-~1/bin/../lib/gcc/arm-none-eabi/9.2.1/../../../../arm-none-eabi/lib/thumb/v7-m/nofp\libg_nano.a
LOAD c:/progra~2/gnutoo~1/92019-~1/bin/../lib/gcc/arm-none-eabi/9.2.1/../../../../arm-none-eabi/lib/thumb/v7-m/nofp\libc_nano.a
END GROUP
START GROUP
LOAD c:/progra~2/gnutoo~1/92019-~1/bin/../lib/gcc/arm-none-eabi/9.2.1/thumb/v7-m/nofp\libgcc.a
LOAD c:/progra~2/gnutoo~1/92019-~1/bin/../lib/gcc/arm-none-eabi/9.2.1/../../../../arm-none-eabi/lib/thumb/v7-m/nofp\libc_nano.a
LOAD c:/progra~2/gnutoo~1/92019-~1/bin/../lib/gcc/arm-none-eabi/9.2.1/../../../../arm-none-eabi/lib/thumb/v7-m/nofp\libnosys.a
END GROUP
START GROUP
LOAD c:/progra~2/gnutoo~1/92019-~1/bin/../lib/gcc/arm-none-eabi/9.2.1/thumb/v7-m/nofp\libgcc.a
LOAD c:/progra~2/gnutoo~1/92019-~1/bin/../lib/gcc/arm-none-eabi/9.2.1/../../../../arm-none-eabi/lib/thumb/v7-m/nofp\libc_nano.a
LOAD c:/progra~2/gnutoo~1/92019-~1/bin/../lib/gcc/arm-none-eabi/9.2.1/../../../../arm-none-eabi/lib/thumb/v7-m/nofp\libnosys.a
END GROUP
LOAD c:/progra~2/gnutoo~1/92019-~1/bin/../lib/gcc/arm-none-eabi/9.2.1/thumb/v7-m/nofp/crtend.o
LOAD c:/progra~2/gnutoo~1/92019-~1/bin/../lib/gcc/arm-none-eabi/9.2.1/thumb/v7-m/nofp/crtn.o
                0x20010000                _estack = 0x20010000
                0x00000200                _Min_Heap_Size = 0x200
                0x00000400                _Min_Stack_Size = 0x400

.isr_vector     0x08000000      0x1e4
                0x08000000                . = ALIGN (0x4)
 *(.isr_vector)
 .isr_vector    0x08000000      0x1e4 CMakeFiles/EEHOMEWORK.elf.dir/startup/startup_stm32f103xe.s.obj
                0x08000000                g_pfnVectors
                0x080001e4                . = ALIGN (0x4)

.text           0x080001e8     0x5850
                0x080001e8                . = ALIGN (0x4)
 *(.text)
 .text          0x080001e8       0x40 c:/progra~2/gnutoo~1/92019-~1/bin/../lib/gcc/arm-none-eabi/9.2.1/thumb/v7-m/nofp/crtbegin.o
 .text          0x08000228      0x378 c:/progra~2/gnutoo~1/92019-~1/bin/../lib/gcc/arm-none-eabi/9.2.1/thumb/v7-m/nofp\libgcc.a(_arm_addsubdf3.o)
                0x08000228                __aeabi_drsub
                0x08000230                __aeabi_dsub
                0x08000230                __subdf3
                0x08000234                __aeabi_dadd
                0x08000234                __adddf3
                0x080004ac                __floatunsidf
                0x080004ac                __aeabi_ui2d
                0x080004cc                __floatsidf
                0x080004cc                __aeabi_i2d
                0x080004f0                __aeabi_f2d
                0x080004f0                __extendsfdf2
                0x08000534                __floatundidf
                0x08000534                __aeabi_ul2d
                0x08000544                __floatdidf
                0x08000544                __aeabi_l2d
 .text          0x080005a0      0x424 c:/progra~2/gnutoo~1/92019-~1/bin/../lib/gcc/arm-none-eabi/9.2.1/thumb/v7-m/nofp\libgcc.a(_arm_muldivdf3.o)
                0x080005a0                __aeabi_dmul
                0x080005a0                __muldf3
                0x080007f4                __divdf3
                0x080007f4                __aeabi_ddiv
 .text          0x080009c4       0x50 c:/progra~2/gnutoo~1/92019-~1/bin/../lib/gcc/arm-none-eabi/9.2.1/thumb/v7-m/nofp\libgcc.a(_arm_fixdfsi.o)
                0x080009c4                __aeabi_d2iz
                0x080009c4                __fixdfsi
 .text          0x08000a14       0x40 c:/progra~2/gnutoo~1/92019-~1/bin/../lib/gcc/arm-none-eabi/9.2.1/thumb/v7-m/nofp\libgcc.a(_arm_fixunsdfsi.o)
                0x08000a14                __aeabi_d2uiz
                0x08000a14                __fixunsdfsi
 *(.text*)
 .text.HAL_Init
                0x08000a54       0x2c CMakeFiles/EEHOMEWORK.elf.dir/Drivers/STM32F1xx_HAL_Driver/Src/stm32f1xx_hal.c.obj
                0x08000a54                HAL_Init
 .text.HAL_InitTick
                0x08000a80       0x60 CMakeFiles/EEHOMEWORK.elf.dir/Drivers/STM32F1xx_HAL_Driver/Src/stm32f1xx_hal.c.obj
                0x08000a80                HAL_InitTick
 .text.HAL_IncTick
                0x08000ae0       0x24 CMakeFiles/EEHOMEWORK.elf.dir/Drivers/STM32F1xx_HAL_Driver/Src/stm32f1xx_hal.c.obj
                0x08000ae0                HAL_IncTick
 .text.HAL_GetTick
                0x08000b04       0x14 CMakeFiles/EEHOMEWORK.elf.dir/Drivers/STM32F1xx_HAL_Driver/Src/stm32f1xx_hal.c.obj
                0x08000b04                HAL_GetTick
 .text.HAL_Delay
                0x08000b18       0x48 CMakeFiles/EEHOMEWORK.elf.dir/Drivers/STM32F1xx_HAL_Driver/Src/stm32f1xx_hal.c.obj
                0x08000b18                HAL_Delay
 .text.HAL_ADC_Init
                0x08000b60      0x1d4 CMakeFiles/EEHOMEWORK.elf.dir/Drivers/STM32F1xx_HAL_Driver/Src/stm32f1xx_hal_adc.c.obj
                0x08000b60                HAL_ADC_Init
 .text.HAL_ADC_Start
                0x08000d34      0x15c CMakeFiles/EEHOMEWORK.elf.dir/Drivers/STM32F1xx_HAL_Driver/Src/stm32f1xx_hal_adc.c.obj
                0x08000d34                HAL_ADC_Start
 .text.HAL_ADC_PollForConversion
                0x08000e90      0x1f4 CMakeFiles/EEHOMEWORK.elf.dir/Drivers/STM32F1xx_HAL_Driver/Src/stm32f1xx_hal_adc.c.obj
                0x08000e90                HAL_ADC_PollForConversion
 .text.HAL_ADC_GetValue
                0x08001084       0x18 CMakeFiles/EEHOMEWORK.elf.dir/Drivers/STM32F1xx_HAL_Driver/Src/stm32f1xx_hal_adc.c.obj
                0x08001084                HAL_ADC_GetValue
 .text.HAL_ADC_ConfigChannel
                0x0800109c      0x1f0 CMakeFiles/EEHOMEWORK.elf.dir/Drivers/STM32F1xx_HAL_Driver/Src/stm32f1xx_hal_adc.c.obj
                0x0800109c                HAL_ADC_ConfigChannel
 .text.ADC_Enable
                0x0800128c       0xa4 CMakeFiles/EEHOMEWORK.elf.dir/Drivers/STM32F1xx_HAL_Driver/Src/stm32f1xx_hal_adc.c.obj
                0x0800128c                ADC_Enable
 .text.ADC_ConversionStop_Disable
                0x08001330       0x74 CMakeFiles/EEHOMEWORK.elf.dir/Drivers/STM32F1xx_HAL_Driver/Src/stm32f1xx_hal_adc.c.obj
                0x08001330                ADC_ConversionStop_Disable
 .text.__NVIC_SetPriorityGrouping
                0x080013a4       0x48 CMakeFiles/EEHOMEWORK.elf.dir/Drivers/STM32F1xx_HAL_Driver/Src/stm32f1xx_hal_cortex.c.obj
 .text.__NVIC_GetPriorityGrouping
                0x080013ec       0x1c CMakeFiles/EEHOMEWORK.elf.dir/Drivers/STM32F1xx_HAL_Driver/Src/stm32f1xx_hal_cortex.c.obj
 .text.__NVIC_EnableIRQ
                0x08001408       0x38 CMakeFiles/EEHOMEWORK.elf.dir/Drivers/STM32F1xx_HAL_Driver/Src/stm32f1xx_hal_cortex.c.obj
 .text.__NVIC_SetPriority
                0x08001440       0x54 CMakeFiles/EEHOMEWORK.elf.dir/Drivers/STM32F1xx_HAL_Driver/Src/stm32f1xx_hal_cortex.c.obj
 .text.NVIC_EncodePriority
                0x08001494       0x64 CMakeFiles/EEHOMEWORK.elf.dir/Drivers/STM32F1xx_HAL_Driver/Src/stm32f1xx_hal_cortex.c.obj
 .text.SysTick_Config
                0x080014f8       0x44 CMakeFiles/EEHOMEWORK.elf.dir/Drivers/STM32F1xx_HAL_Driver/Src/stm32f1xx_hal_cortex.c.obj
 .text.HAL_NVIC_SetPriorityGrouping
                0x0800153c       0x16 CMakeFiles/EEHOMEWORK.elf.dir/Drivers/STM32F1xx_HAL_Driver/Src/stm32f1xx_hal_cortex.c.obj
                0x0800153c                HAL_NVIC_SetPriorityGrouping
 .text.HAL_NVIC_SetPriority
                0x08001552       0x38 CMakeFiles/EEHOMEWORK.elf.dir/Drivers/STM32F1xx_HAL_Driver/Src/stm32f1xx_hal_cortex.c.obj
                0x08001552                HAL_NVIC_SetPriority
 .text.HAL_NVIC_EnableIRQ
                0x0800158a       0x1c CMakeFiles/EEHOMEWORK.elf.dir/Drivers/STM32F1xx_HAL_Driver/Src/stm32f1xx_hal_cortex.c.obj
                0x0800158a                HAL_NVIC_EnableIRQ
 .text.HAL_SYSTICK_Config
                0x080015a6       0x18 CMakeFiles/EEHOMEWORK.elf.dir/Drivers/STM32F1xx_HAL_Driver/Src/stm32f1xx_hal_cortex.c.obj
                0x080015a6                HAL_SYSTICK_Config
 *fill*         0x080015be        0x2 
 .text.HAL_SYSTICK_CLKSourceConfig
                0x080015c0       0x38 CMakeFiles/EEHOMEWORK.elf.dir/Drivers/STM32F1xx_HAL_Driver/Src/stm32f1xx_hal_cortex.c.obj
                0x080015c0                HAL_SYSTICK_CLKSourceConfig
 .text.HAL_DAC_Init
                0x080015f8       0x44 CMakeFiles/EEHOMEWORK.elf.dir/Drivers/STM32F1xx_HAL_Driver/Src/stm32f1xx_hal_dac.c.obj
                0x080015f8                HAL_DAC_Init
 .text.HAL_DAC_Start
                0x0800163c       0xa2 CMakeFiles/EEHOMEWORK.elf.dir/Drivers/STM32F1xx_HAL_Driver/Src/stm32f1xx_hal_dac.c.obj
                0x0800163c                HAL_DAC_Start
 .text.HAL_DAC_SetValue
                0x080016de       0x48 CMakeFiles/EEHOMEWORK.elf.dir/Drivers/STM32F1xx_HAL_Driver/Src/stm32f1xx_hal_dac.c.obj
                0x080016de                HAL_DAC_SetValue
 .text.HAL_DAC_ConfigChannel
                0x08001726       0xb8 CMakeFiles/EEHOMEWORK.elf.dir/Drivers/STM32F1xx_HAL_Driver/Src/stm32f1xx_hal_dac.c.obj
                0x08001726                HAL_DAC_ConfigChannel
 *fill*         0x080017de        0x2 
 .text.HAL_DMA_Abort_IT
                0x080017e0      0x210 CMakeFiles/EEHOMEWORK.elf.dir/Drivers/STM32F1xx_HAL_Driver/Src/stm32f1xx_hal_dma.c.obj
                0x080017e0                HAL_DMA_Abort_IT
 .text.HAL_GPIO_Init
                0x080019f0      0x328 CMakeFiles/EEHOMEWORK.elf.dir/Drivers/STM32F1xx_HAL_Driver/Src/stm32f1xx_hal_gpio.c.obj
                0x080019f0                HAL_GPIO_Init
 .text.HAL_GPIO_WritePin
                0x08001d18       0x30 CMakeFiles/EEHOMEWORK.elf.dir/Drivers/STM32F1xx_HAL_Driver/Src/stm32f1xx_hal_gpio.c.obj
                0x08001d18                HAL_GPIO_WritePin
 .text.HAL_RCC_OscConfig
                0x08001d48      0x500 CMakeFiles/EEHOMEWORK.elf.dir/Drivers/STM32F1xx_HAL_Driver/Src/stm32f1xx_hal_rcc.c.obj
                0x08001d48                HAL_RCC_OscConfig
 .text.HAL_RCC_ClockConfig
                0x08002248      0x1d4 CMakeFiles/EEHOMEWORK.elf.dir/Drivers/STM32F1xx_HAL_Driver/Src/stm32f1xx_hal_rcc.c.obj
                0x08002248                HAL_RCC_ClockConfig
 .text.HAL_RCC_GetSysClockFreq
                0x0800241c       0xc0 CMakeFiles/EEHOMEWORK.elf.dir/Drivers/STM32F1xx_HAL_Driver/Src/stm32f1xx_hal_rcc.c.obj
                0x0800241c                HAL_RCC_GetSysClockFreq
 .text.HAL_RCC_GetHCLKFreq
                0x080024dc       0x14 CMakeFiles/EEHOMEWORK.elf.dir/Drivers/STM32F1xx_HAL_Driver/Src/stm32f1xx_hal_rcc.c.obj
                0x080024dc                HAL_RCC_GetHCLKFreq
 .text.HAL_RCC_GetPCLK1Freq
                0x080024f0       0x28 CMakeFiles/EEHOMEWORK.elf.dir/Drivers/STM32F1xx_HAL_Driver/Src/stm32f1xx_hal_rcc.c.obj
                0x080024f0                HAL_RCC_GetPCLK1Freq
 .text.HAL_RCC_GetPCLK2Freq
                0x08002518       0x28 CMakeFiles/EEHOMEWORK.elf.dir/Drivers/STM32F1xx_HAL_Driver/Src/stm32f1xx_hal_rcc.c.obj
                0x08002518                HAL_RCC_GetPCLK2Freq
 .text.RCC_Delay
                0x08002540       0x3c CMakeFiles/EEHOMEWORK.elf.dir/Drivers/STM32F1xx_HAL_Driver/Src/stm32f1xx_hal_rcc.c.obj
 .text.HAL_RCCEx_PeriphCLKConfig
                0x0800257c      0x16c CMakeFiles/EEHOMEWORK.elf.dir/Drivers/STM32F1xx_HAL_Driver/Src/stm32f1xx_hal_rcc_ex.c.obj
                0x0800257c                HAL_RCCEx_PeriphCLKConfig
 .text.HAL_RCCEx_GetPeriphCLKFreq
                0x080026e8      0x1cc CMakeFiles/EEHOMEWORK.elf.dir/Drivers/STM32F1xx_HAL_Driver/Src/stm32f1xx_hal_rcc_ex.c.obj
                0x080026e8                HAL_RCCEx_GetPeriphCLKFreq
 .text.HAL_SPI_Init
                0x080028b4       0xc2 CMakeFiles/EEHOMEWORK.elf.dir/Drivers/STM32F1xx_HAL_Driver/Src/stm32f1xx_hal_spi.c.obj
                0x080028b4                HAL_SPI_Init
 .text.HAL_SPI_Transmit
                0x08002976      0x268 CMakeFiles/EEHOMEWORK.elf.dir/Drivers/STM32F1xx_HAL_Driver/Src/stm32f1xx_hal_spi.c.obj
                0x08002976                HAL_SPI_Transmit
 .text.SPI_WaitFlagStateUntilTimeout
                0x08002bde       0xd4 CMakeFiles/EEHOMEWORK.elf.dir/Drivers/STM32F1xx_HAL_Driver/Src/stm32f1xx_hal_spi.c.obj
 .text.SPI_EndRxTxTransaction
                0x08002cb2       0x3c CMakeFiles/EEHOMEWORK.elf.dir/Drivers/STM32F1xx_HAL_Driver/Src/stm32f1xx_hal_spi.c.obj
 .text.HAL_TIM_Base_Init
                0x08002cee       0x56 CMakeFiles/EEHOMEWORK.elf.dir/Drivers/STM32F1xx_HAL_Driver/Src/stm32f1xx_hal_tim.c.obj
                0x08002cee                HAL_TIM_Base_Init
 .text.HAL_TIM_Base_Start
                0x08002d44       0x46 CMakeFiles/EEHOMEWORK.elf.dir/Drivers/STM32F1xx_HAL_Driver/Src/stm32f1xx_hal_tim.c.obj
                0x08002d44                HAL_TIM_Base_Start
 .text.HAL_TIM_Base_Start_IT
                0x08002d8a       0x46 CMakeFiles/EEHOMEWORK.elf.dir/Drivers/STM32F1xx_HAL_Driver/Src/stm32f1xx_hal_tim.c.obj
                0x08002d8a                HAL_TIM_Base_Start_IT
 .text.HAL_TIM_IRQHandler
                0x08002dd0      0x210 CMakeFiles/EEHOMEWORK.elf.dir/Drivers/STM32F1xx_HAL_Driver/Src/stm32f1xx_hal_tim.c.obj
                0x08002dd0                HAL_TIM_IRQHandler
 .text.HAL_TIM_ConfigClockSource
                0x08002fe0      0x188 CMakeFiles/EEHOMEWORK.elf.dir/Drivers/STM32F1xx_HAL_Driver/Src/stm32f1xx_hal_tim.c.obj
                0x08002fe0                HAL_TIM_ConfigClockSource
 .text.HAL_TIM_OC_DelayElapsedCallback
                0x08003168       0x12 CMakeFiles/EEHOMEWORK.elf.dir/Drivers/STM32F1xx_HAL_Driver/Src/stm32f1xx_hal_tim.c.obj
                0x08003168                HAL_TIM_OC_DelayElapsedCallback
 .text.HAL_TIM_IC_CaptureCallback
                0x0800317a       0x12 CMakeFiles/EEHOMEWORK.elf.dir/Drivers/STM32F1xx_HAL_Driver/Src/stm32f1xx_hal_tim.c.obj
                0x0800317a                HAL_TIM_IC_CaptureCallback
 .text.HAL_TIM_PWM_PulseFinishedCallback
                0x0800318c       0x12 CMakeFiles/EEHOMEWORK.elf.dir/Drivers/STM32F1xx_HAL_Driver/Src/stm32f1xx_hal_tim.c.obj
                0x0800318c                HAL_TIM_PWM_PulseFinishedCallback
 .text.HAL_TIM_TriggerCallback
                0x0800319e       0x12 CMakeFiles/EEHOMEWORK.elf.dir/Drivers/STM32F1xx_HAL_Driver/Src/stm32f1xx_hal_tim.c.obj
                0x0800319e                HAL_TIM_TriggerCallback
 .text.TIM_Base_SetConfig
                0x080031b0       0xf4 CMakeFiles/EEHOMEWORK.elf.dir/Drivers/STM32F1xx_HAL_Driver/Src/stm32f1xx_hal_tim.c.obj
                0x080031b0                TIM_Base_SetConfig
 .text.TIM_TI1_ConfigInputStage
                0x080032a4       0x5c CMakeFiles/EEHOMEWORK.elf.dir/Drivers/STM32F1xx_HAL_Driver/Src/stm32f1xx_hal_tim.c.obj
 .text.TIM_TI2_ConfigInputStage
                0x08003300       0x5e CMakeFiles/EEHOMEWORK.elf.dir/Drivers/STM32F1xx_HAL_Driver/Src/stm32f1xx_hal_tim.c.obj
 .text.TIM_ITRx_SetConfig
                0x0800335e       0x34 CMakeFiles/EEHOMEWORK.elf.dir/Drivers/STM32F1xx_HAL_Driver/Src/stm32f1xx_hal_tim.c.obj
 .text.TIM_ETR_SetConfig
                0x08003392       0x3e CMakeFiles/EEHOMEWORK.elf.dir/Drivers/STM32F1xx_HAL_Driver/Src/stm32f1xx_hal_tim.c.obj
                0x08003392                TIM_ETR_SetConfig
 .text.HAL_TIMEx_MasterConfigSynchronization
                0x080033d0       0x88 CMakeFiles/EEHOMEWORK.elf.dir/Drivers/STM32F1xx_HAL_Driver/Src/stm32f1xx_hal_tim_ex.c.obj
                0x080033d0                HAL_TIMEx_MasterConfigSynchronization
 .text.HAL_TIMEx_CommutCallback
                0x08003458       0x12 CMakeFiles/EEHOMEWORK.elf.dir/Drivers/STM32F1xx_HAL_Driver/Src/stm32f1xx_hal_tim_ex.c.obj
                0x08003458                HAL_TIMEx_CommutCallback
 .text.HAL_TIMEx_BreakCallback
                0x0800346a       0x12 CMakeFiles/EEHOMEWORK.elf.dir/Drivers/STM32F1xx_HAL_Driver/Src/stm32f1xx_hal_tim_ex.c.obj
                0x0800346a                HAL_TIMEx_BreakCallback
 .text.HAL_UART_Init
                0x0800347c       0x9a CMakeFiles/EEHOMEWORK.elf.dir/Drivers/STM32F1xx_HAL_Driver/Src/stm32f1xx_hal_uart.c.obj
                0x0800347c                HAL_UART_Init
 .text.HAL_UART_Transmit
                0x08003516      0x132 CMakeFiles/EEHOMEWORK.elf.dir/Drivers/STM32F1xx_HAL_Driver/Src/stm32f1xx_hal_uart.c.obj
                0x08003516                HAL_UART_Transmit
 .text.HAL_UART_IRQHandler
                0x08003648      0x1f4 CMakeFiles/EEHOMEWORK.elf.dir/Drivers/STM32F1xx_HAL_Driver/Src/stm32f1xx_hal_uart.c.obj
                0x08003648                HAL_UART_IRQHandler
 .text.HAL_UART_TxCpltCallback
                0x0800383c       0x12 CMakeFiles/EEHOMEWORK.elf.dir/Drivers/STM32F1xx_HAL_Driver/Src/stm32f1xx_hal_uart.c.obj
                0x0800383c                HAL_UART_TxCpltCallback
 .text.HAL_UART_RxCpltCallback
                0x0800384e       0x12 CMakeFiles/EEHOMEWORK.elf.dir/Drivers/STM32F1xx_HAL_Driver/Src/stm32f1xx_hal_uart.c.obj
                0x0800384e                HAL_UART_RxCpltCallback
 .text.HAL_UART_ErrorCallback
                0x08003860       0x12 CMakeFiles/EEHOMEWORK.elf.dir/Drivers/STM32F1xx_HAL_Driver/Src/stm32f1xx_hal_uart.c.obj
                0x08003860                HAL_UART_ErrorCallback
 .text.UART_WaitOnFlagUntilTimeout
                0x08003872       0x94 CMakeFiles/EEHOMEWORK.elf.dir/Drivers/STM32F1xx_HAL_Driver/Src/stm32f1xx_hal_uart.c.obj
 .text.UART_EndRxTransfer
                0x08003906       0x3a CMakeFiles/EEHOMEWORK.elf.dir/Drivers/STM32F1xx_HAL_Driver/Src/stm32f1xx_hal_uart.c.obj
 .text.UART_DMAAbortOnError
                0x08003940       0x28 CMakeFiles/EEHOMEWORK.elf.dir/Drivers/STM32F1xx_HAL_Driver/Src/stm32f1xx_hal_uart.c.obj
 .text.UART_Transmit_IT
                0x08003968       0xaa CMakeFiles/EEHOMEWORK.elf.dir/Drivers/STM32F1xx_HAL_Driver/Src/stm32f1xx_hal_uart.c.obj
 .text.UART_EndTransmit_IT
                0x08003a12       0x30 CMakeFiles/EEHOMEWORK.elf.dir/Drivers/STM32F1xx_HAL_Driver/Src/stm32f1xx_hal_uart.c.obj
 .text.UART_Receive_IT
                0x08003a42      0x102 CMakeFiles/EEHOMEWORK.elf.dir/Drivers/STM32F1xx_HAL_Driver/Src/stm32f1xx_hal_uart.c.obj
 .text.UART_SetConfig
                0x08003b44      0x1b4 CMakeFiles/EEHOMEWORK.elf.dir/Drivers/STM32F1xx_HAL_Driver/Src/stm32f1xx_hal_uart.c.obj
 .text.MX_ADC1_Init
                0x08003cf8       0x7c CMakeFiles/EEHOMEWORK.elf.dir/Src/adc.c.obj
                0x08003cf8                MX_ADC1_Init
 .text.HAL_ADC_MspInit
                0x08003d74       0x78 CMakeFiles/EEHOMEWORK.elf.dir/Src/adc.c.obj
                0x08003d74                HAL_ADC_MspInit
 .text.MX_DAC_Init
                0x08003dec       0x54 CMakeFiles/EEHOMEWORK.elf.dir/Src/dac.c.obj
                0x08003dec                MX_DAC_Init
 .text.HAL_DAC_MspInit
                0x08003e40       0x78 CMakeFiles/EEHOMEWORK.elf.dir/Src/dac.c.obj
                0x08003e40                HAL_DAC_MspInit
 .text.delay_init
                0x08003eb8       0x24 CMakeFiles/EEHOMEWORK.elf.dir/Src/delay.c.obj
                0x08003eb8                delay_init
 .text.delay_us
                0x08003edc       0x7c CMakeFiles/EEHOMEWORK.elf.dir/Src/delay.c.obj
                0x08003edc                delay_us
 .text.MX_GPIO_Init
                0x08003f58       0xb0 CMakeFiles/EEHOMEWORK.elf.dir/Src/gpio.c.obj
                0x08003f58                MX_GPIO_Init
 .text.send_data
                0x08004008       0x8c CMakeFiles/EEHOMEWORK.elf.dir/Src/infrared_emission.c.obj
                0x08004008                send_data
 .text.txd      0x08004094       0x84 CMakeFiles/EEHOMEWORK.elf.dir/Src/infrared_emission.c.obj
                0x08004094                txd
 .text.__io_putchar
                0x08004118       0x24 CMakeFiles/EEHOMEWORK.elf.dir/Src/main.c.obj
                0x08004118                __io_putchar
 .text._write   0x0800413c       0x38 CMakeFiles/EEHOMEWORK.elf.dir/Src/main.c.obj
                0x0800413c                _write
 *fill*         0x08004174        0x4 
 .text.main     0x08004178      0x1b0 CMakeFiles/EEHOMEWORK.elf.dir/Src/main.c.obj
                0x08004178                main
 .text.SystemClock_Config
                0x08004328       0xba CMakeFiles/EEHOMEWORK.elf.dir/Src/main.c.obj
                0x08004328                SystemClock_Config
 .text.Error_Handler
                0x080043e2        0xc CMakeFiles/EEHOMEWORK.elf.dir/Src/main.c.obj
                0x080043e2                Error_Handler
 *fill*         0x080043ee        0x2 
 .text.smg_display
                0x080043f0      0x158 CMakeFiles/EEHOMEWORK.elf.dir/Src/smg.c.obj
                0x080043f0                smg_display
 .text.MX_SPI1_Init
                0x08004548       0x70 CMakeFiles/EEHOMEWORK.elf.dir/Src/spi.c.obj
                0x08004548                MX_SPI1_Init
 .text.HAL_SPI_MspInit
                0x080045b8       0x9c CMakeFiles/EEHOMEWORK.elf.dir/Src/spi.c.obj
                0x080045b8                HAL_SPI_MspInit
 .text.HAL_MspInit
                0x08004654       0x64 CMakeFiles/EEHOMEWORK.elf.dir/Src/stm32f1xx_hal_msp.c.obj
                0x08004654                HAL_MspInit
 .text.NMI_Handler
                0x080046b8        0xc CMakeFiles/EEHOMEWORK.elf.dir/Src/stm32f1xx_it.c.obj
                0x080046b8                NMI_Handler
 .text.HardFault_Handler
                0x080046c4        0x6 CMakeFiles/EEHOMEWORK.elf.dir/Src/stm32f1xx_it.c.obj
                0x080046c4                HardFault_Handler
 .text.MemManage_Handler
                0x080046ca        0x6 CMakeFiles/EEHOMEWORK.elf.dir/Src/stm32f1xx_it.c.obj
                0x080046ca                MemManage_Handler
 .text.BusFault_Handler
                0x080046d0        0x6 CMakeFiles/EEHOMEWORK.elf.dir/Src/stm32f1xx_it.c.obj
                0x080046d0                BusFault_Handler
 .text.UsageFault_Handler
                0x080046d6        0x6 CMakeFiles/EEHOMEWORK.elf.dir/Src/stm32f1xx_it.c.obj
                0x080046d6                UsageFault_Handler
 .text.SVC_Handler
                0x080046dc        0xc CMakeFiles/EEHOMEWORK.elf.dir/Src/stm32f1xx_it.c.obj
                0x080046dc                SVC_Handler
 .text.DebugMon_Handler
                0x080046e8        0xc CMakeFiles/EEHOMEWORK.elf.dir/Src/stm32f1xx_it.c.obj
                0x080046e8                DebugMon_Handler
 .text.PendSV_Handler
                0x080046f4        0xc CMakeFiles/EEHOMEWORK.elf.dir/Src/stm32f1xx_it.c.obj
                0x080046f4                PendSV_Handler
 .text.SysTick_Handler
                0x08004700        0xc CMakeFiles/EEHOMEWORK.elf.dir/Src/stm32f1xx_it.c.obj
                0x08004700                SysTick_Handler
 .text.TIM3_IRQHandler
                0x0800470c       0x14 CMakeFiles/EEHOMEWORK.elf.dir/Src/stm32f1xx_it.c.obj
                0x0800470c                TIM3_IRQHandler
 .text.USART1_IRQHandler
                0x08004720       0x14 CMakeFiles/EEHOMEWORK.elf.dir/Src/stm32f1xx_it.c.obj
                0x08004720                USART1_IRQHandler
 .text._read    0x08004734       0x3a CMakeFiles/EEHOMEWORK.elf.dir/Src/syscalls.c.obj
                0x08004734                _read
 *fill*         0x0800476e        0x2 
 .text._sbrk    0x08004770       0x58 CMakeFiles/EEHOMEWORK.elf.dir/Src/syscalls.c.obj
                0x08004770                _sbrk
 .text._close   0x080047c8       0x16 CMakeFiles/EEHOMEWORK.elf.dir/Src/syscalls.c.obj
                0x080047c8                _close
 .text._fstat   0x080047de       0x1e CMakeFiles/EEHOMEWORK.elf.dir/Src/syscalls.c.obj
                0x080047de                _fstat
 .text._isatty  0x080047fc       0x14 CMakeFiles/EEHOMEWORK.elf.dir/Src/syscalls.c.obj
                0x080047fc                _isatty
 .text._lseek   0x08004810       0x18 CMakeFiles/EEHOMEWORK.elf.dir/Src/syscalls.c.obj
                0x08004810                _lseek
 .text.SystemInit
                0x08004828       0x68 CMakeFiles/EEHOMEWORK.elf.dir/Src/system_stm32f1xx.c.obj
                0x08004828                SystemInit
 .text.MX_TIM3_Init
                0x08004890       0x9c CMakeFiles/EEHOMEWORK.elf.dir/Src/tim.c.obj
                0x08004890                MX_TIM3_Init
 .text.HAL_TIM_Base_MspInit
                0x0800492c       0x4c CMakeFiles/EEHOMEWORK.elf.dir/Src/tim.c.obj
                0x0800492c                HAL_TIM_Base_MspInit
 .text.HAL_TIM_PeriodElapsedCallback
                0x08004978       0x3c CMakeFiles/EEHOMEWORK.elf.dir/Src/tim.c.obj
                0x08004978                HAL_TIM_PeriodElapsedCallback
 .text.MX_USART1_UART_Init
                0x080049b4       0x54 CMakeFiles/EEHOMEWORK.elf.dir/Src/usart.c.obj
                0x080049b4                MX_USART1_UART_Init
 .text.HAL_UART_MspInit
                0x08004a08       0xa8 CMakeFiles/EEHOMEWORK.elf.dir/Src/usart.c.obj
                0x08004a08                HAL_UART_MspInit
 .text.Reset_Handler
                0x08004ab0       0x48 CMakeFiles/EEHOMEWORK.elf.dir/startup/startup_stm32f103xe.s.obj
                0x08004ab0                Reset_Handler
 .text.Default_Handler
                0x08004af8        0x2 CMakeFiles/EEHOMEWORK.elf.dir/startup/startup_stm32f103xe.s.obj
                0x08004af8                RTC_Alarm_IRQHandler
                0x08004af8                EXTI2_IRQHandler
                0x08004af8                TIM8_TRG_COM_IRQHandler
                0x08004af8                TIM8_CC_IRQHandler
                0x08004af8                TIM1_CC_IRQHandler
                0x08004af8                TIM6_IRQHandler
                0x08004af8                PVD_IRQHandler
                0x08004af8                SDIO_IRQHandler
                0x08004af8                EXTI3_IRQHandler
                0x08004af8                EXTI0_IRQHandler
                0x08004af8                I2C2_EV_IRQHandler
                0x08004af8                ADC1_2_IRQHandler
                0x08004af8                SPI1_IRQHandler
                0x08004af8                TAMPER_IRQHandler
                0x08004af8                TIM8_UP_IRQHandler
                0x08004af8                DMA2_Channel2_IRQHandler
                0x08004af8                DMA1_Channel4_IRQHandler
                0x08004af8                USART3_IRQHandler
                0x08004af8                RTC_IRQHandler
                0x08004af8                DMA1_Channel7_IRQHandler
                0x08004af8                CAN1_RX1_IRQHandler
                0x08004af8                UART5_IRQHandler
                0x08004af8                ADC3_IRQHandler
                0x08004af8                TIM4_IRQHandler
                0x08004af8                DMA2_Channel1_IRQHandler
                0x08004af8                I2C1_EV_IRQHandler
                0x08004af8                DMA1_Channel6_IRQHandler
                0x08004af8                UART4_IRQHandler
                0x08004af8                RCC_IRQHandler
                0x08004af8                TIM1_TRG_COM_IRQHandler
                0x08004af8                DMA1_Channel1_IRQHandler
                0x08004af8                Default_Handler
                0x08004af8                EXTI15_10_IRQHandler
                0x08004af8                TIM7_IRQHandler
                0x08004af8                TIM5_IRQHandler
                0x08004af8                EXTI9_5_IRQHandler
                0x08004af8                SPI2_IRQHandler
                0x08004af8                DMA1_Channel5_IRQHandler
                0x08004af8                EXTI4_IRQHandler
                0x08004af8                USB_LP_CAN1_RX0_IRQHandler
                0x08004af8                USB_HP_CAN1_TX_IRQHandler
                0x08004af8                DMA1_Channel3_IRQHandler
                0x08004af8                FSMC_IRQHandler
                0x08004af8                TIM1_UP_IRQHandler
                0x08004af8                WWDG_IRQHandler
                0x08004af8                TIM2_IRQHandler
                0x08004af8                TIM1_BRK_IRQHandler
                0x08004af8                EXTI1_IRQHandler
                0x08004af8                DMA2_Channel4_5_IRQHandler
                0x08004af8                USART2_IRQHandler
                0x08004af8                I2C2_ER_IRQHandler
                0x08004af8                DMA1_Channel2_IRQHandler
                0x08004af8                TIM8_BRK_IRQHandler
                0x08004af8                CAN1_SCE_IRQHandler
                0x08004af8                FLASH_IRQHandler
                0x08004af8                SPI3_IRQHandler
                0x08004af8                I2C1_ER_IRQHandler
                0x08004af8                USBWakeUp_IRQHandler
                0x08004af8                DMA2_Channel3_IRQHandler
 *fill*         0x08004afa        0x2 
 .text.__errno  0x08004afc        0xc c:/progra~2/gnutoo~1/92019-~1/bin/../lib/gcc/arm-none-eabi/9.2.1/../../../../arm-none-eabi/lib/thumb/v7-m/nofp\libg_nano.a(lib_a-errno.o)
                0x08004afc                __errno
 .text.__libc_init_array
                0x08004b08       0x48 c:/progra~2/gnutoo~1/92019-~1/bin/../lib/gcc/arm-none-eabi/9.2.1/../../../../arm-none-eabi/lib/thumb/v7-m/nofp\libg_nano.a(lib_a-init.o)
                0x08004b08                __libc_init_array
 .text.memset   0x08004b50       0x10 c:/progra~2/gnutoo~1/92019-~1/bin/../lib/gcc/arm-none-eabi/9.2.1/../../../../arm-none-eabi/lib/thumb/v7-m/nofp\libg_nano.a(lib_a-memset.o)
                0x08004b50                memset
 .text.printf   0x08004b60       0x30 c:/progra~2/gnutoo~1/92019-~1/bin/../lib/gcc/arm-none-eabi/9.2.1/../../../../arm-none-eabi/lib/thumb/v7-m/nofp\libg_nano.a(lib_a-printf.o)
                0x08004b60                iprintf
                0x08004b60                printf
 .text.std      0x08004b90       0x48 c:/progra~2/gnutoo~1/92019-~1/bin/../lib/gcc/arm-none-eabi/9.2.1/../../../../arm-none-eabi/lib/thumb/v7-m/nofp\libg_nano.a(lib_a-findfp.o)
 .text._cleanup_r
                0x08004bd8        0xc c:/progra~2/gnutoo~1/92019-~1/bin/../lib/gcc/arm-none-eabi/9.2.1/../../../../arm-none-eabi/lib/thumb/v7-m/nofp\libg_nano.a(lib_a-findfp.o)
                0x08004bd8                _cleanup_r
 .text.__sfmoreglue
                0x08004be4       0x2c c:/progra~2/gnutoo~1/92019-~1/bin/../lib/gcc/arm-none-eabi/9.2.1/../../../../arm-none-eabi/lib/thumb/v7-m/nofp\libg_nano.a(lib_a-findfp.o)
                0x08004be4                __sfmoreglue
 .text.__sfp_lock_acquire
                0x08004c10        0xc c:/progra~2/gnutoo~1/92019-~1/bin/../lib/gcc/arm-none-eabi/9.2.1/../../../../arm-none-eabi/lib/thumb/v7-m/nofp\libg_nano.a(lib_a-findfp.o)
                0x08004c10                __sfp_lock_acquire
 .text.__sfp_lock_release
                0x08004c1c        0xc c:/progra~2/gnutoo~1/92019-~1/bin/../lib/gcc/arm-none-eabi/9.2.1/../../../../arm-none-eabi/lib/thumb/v7-m/nofp\libg_nano.a(lib_a-findfp.o)
                0x08004c1c                __sfp_lock_release
 .text.__sinit_lock_acquire
                0x08004c28        0xc c:/progra~2/gnutoo~1/92019-~1/bin/../lib/gcc/arm-none-eabi/9.2.1/../../../../arm-none-eabi/lib/thumb/v7-m/nofp\libg_nano.a(lib_a-findfp.o)
                0x08004c28                __sinit_lock_acquire
 .text.__sinit_lock_release
                0x08004c34        0xc c:/progra~2/gnutoo~1/92019-~1/bin/../lib/gcc/arm-none-eabi/9.2.1/../../../../arm-none-eabi/lib/thumb/v7-m/nofp\libg_nano.a(lib_a-findfp.o)
                0x08004c34                __sinit_lock_release
 .text.__sinit  0x08004c40       0x70 c:/progra~2/gnutoo~1/92019-~1/bin/../lib/gcc/arm-none-eabi/9.2.1/../../../../arm-none-eabi/lib/thumb/v7-m/nofp\libg_nano.a(lib_a-findfp.o)
                0x08004c40                __sinit
 .text.__sfp    0x08004cb0       0x8c c:/progra~2/gnutoo~1/92019-~1/bin/../lib/gcc/arm-none-eabi/9.2.1/../../../../arm-none-eabi/lib/thumb/v7-m/nofp\libg_nano.a(lib_a-findfp.o)
                0x08004cb0                __sfp
 .text._fwalk_reent
                0x08004d3c       0x3e c:/progra~2/gnutoo~1/92019-~1/bin/../lib/gcc/arm-none-eabi/9.2.1/../../../../arm-none-eabi/lib/thumb/v7-m/nofp\libg_nano.a(lib_a-fwalk.o)
                0x08004d3c                _fwalk_reent
 .text.__retarget_lock_init_recursive
                0x08004d7a        0x2 c:/progra~2/gnutoo~1/92019-~1/bin/../lib/gcc/arm-none-eabi/9.2.1/../../../../arm-none-eabi/lib/thumb/v7-m/nofp\libg_nano.a(lib_a-lock.o)
                0x08004d7a                __retarget_lock_init_recursive
 .text.__retarget_lock_acquire_recursive
                0x08004d7c        0x2 c:/progra~2/gnutoo~1/92019-~1/bin/../lib/gcc/arm-none-eabi/9.2.1/../../../../arm-none-eabi/lib/thumb/v7-m/nofp\libg_nano.a(lib_a-lock.o)
                0x08004d7c                __retarget_lock_acquire_recursive
 .text.__retarget_lock_release_recursive
                0x08004d7e        0x2 c:/progra~2/gnutoo~1/92019-~1/bin/../lib/gcc/arm-none-eabi/9.2.1/../../../../arm-none-eabi/lib/thumb/v7-m/nofp\libg_nano.a(lib_a-lock.o)
                0x08004d7e                __retarget_lock_release_recursive
 .text._malloc_r
                0x08004d80       0xb4 c:/progra~2/gnutoo~1/92019-~1/bin/../lib/gcc/arm-none-eabi/9.2.1/../../../../arm-none-eabi/lib/thumb/v7-m/nofp\libg_nano.a(lib_a-nano-mallocr.o)
                0x08004d80                _malloc_r
 .text.__sfputc_r
                0x08004e34       0x2a c:/progra~2/gnutoo~1/92019-~1/bin/../lib/gcc/arm-none-eabi/9.2.1/../../../../arm-none-eabi/lib/thumb/v7-m/nofp\libg_nano.a(lib_a-nano-vfprintf.o)
 .text.__sfputs_r
                0x08004e5e       0x24 c:/progra~2/gnutoo~1/92019-~1/bin/../lib/gcc/arm-none-eabi/9.2.1/../../../../arm-none-eabi/lib/thumb/v7-m/nofp\libg_nano.a(lib_a-nano-vfprintf.o)
                0x08004e5e                __sfputs_r
 *fill*         0x08004e82        0x2 
 .text._vfprintf_r
                0x08004e84      0x260 c:/progra~2/gnutoo~1/92019-~1/bin/../lib/gcc/arm-none-eabi/9.2.1/../../../../arm-none-eabi/lib/thumb/v7-m/nofp\libg_nano.a(lib_a-nano-vfprintf.o)
                0x08004e84                _vfprintf_r
                0x08004e84                _vfiprintf_r
 .text._printf_common
                0x080050e4       0xde c:/progra~2/gnutoo~1/92019-~1/bin/../lib/gcc/arm-none-eabi/9.2.1/../../../../arm-none-eabi/lib/thumb/v7-m/nofp\libg_nano.a(lib_a-nano-vfprintf_i.o)
                0x080050e4                _printf_common
 *fill*         0x080051c2        0x2 
 .text._printf_i
                0x080051c4      0x24c c:/progra~2/gnutoo~1/92019-~1/bin/../lib/gcc/arm-none-eabi/9.2.1/../../../../arm-none-eabi/lib/thumb/v7-m/nofp\libg_nano.a(lib_a-nano-vfprintf_i.o)
                0x080051c4                _printf_i
 .text._sbrk_r  0x08005410       0x20 c:/progra~2/gnutoo~1/92019-~1/bin/../lib/gcc/arm-none-eabi/9.2.1/../../../../arm-none-eabi/lib/thumb/v7-m/nofp\libg_nano.a(lib_a-sbrkr.o)
                0x08005410                _sbrk_r
 .text.__sread  0x08005430       0x22 c:/progra~2/gnutoo~1/92019-~1/bin/../lib/gcc/arm-none-eabi/9.2.1/../../../../arm-none-eabi/lib/thumb/v7-m/nofp\libg_nano.a(lib_a-stdio.o)
                0x08005430                __sread
 .text.__swrite
                0x08005452       0x38 c:/progra~2/gnutoo~1/92019-~1/bin/../lib/gcc/arm-none-eabi/9.2.1/../../../../arm-none-eabi/lib/thumb/v7-m/nofp\libg_nano.a(lib_a-stdio.o)
                0x08005452                __swrite
 .text.__sseek  0x0800548a       0x24 c:/progra~2/gnutoo~1/92019-~1/bin/../lib/gcc/arm-none-eabi/9.2.1/../../../../arm-none-eabi/lib/thumb/v7-m/nofp\libg_nano.a(lib_a-stdio.o)
                0x0800548a                __sseek
 .text.__sclose
                0x080054ae        0x8 c:/progra~2/gnutoo~1/92019-~1/bin/../lib/gcc/arm-none-eabi/9.2.1/../../../../arm-none-eabi/lib/thumb/v7-m/nofp\libg_nano.a(lib_a-stdio.o)
                0x080054ae                __sclose
 *fill*         0x080054b6        0x2 
 .text.__swbuf_r
                0x080054b8       0xa4 c:/progra~2/gnutoo~1/92019-~1/bin/../lib/gcc/arm-none-eabi/9.2.1/../../../../arm-none-eabi/lib/thumb/v7-m/nofp\libg_nano.a(lib_a-wbuf.o)
                0x080054b8                __swbuf_r
 .text._write_r
                0x0800555c       0x24 c:/progra~2/gnutoo~1/92019-~1/bin/../lib/gcc/arm-none-eabi/9.2.1/../../../../arm-none-eabi/lib/thumb/v7-m/nofp\libg_nano.a(lib_a-writer.o)
                0x0800555c                _write_r
 .text.__swsetup_r
                0x08005580       0xdc c:/progra~2/gnutoo~1/92019-~1/bin/../lib/gcc/arm-none-eabi/9.2.1/../../../../arm-none-eabi/lib/thumb/v7-m/nofp\libg_nano.a(lib_a-wsetup.o)
                0x08005580                __swsetup_r
 .text._close_r
                0x0800565c       0x20 c:/progra~2/gnutoo~1/92019-~1/bin/../lib/gcc/arm-none-eabi/9.2.1/../../../../arm-none-eabi/lib/thumb/v7-m/nofp\libg_nano.a(lib_a-closer.o)
                0x0800565c                _close_r
 .text.__sflush_r
                0x0800567c      0x10c c:/progra~2/gnutoo~1/92019-~1/bin/../lib/gcc/arm-none-eabi/9.2.1/../../../../arm-none-eabi/lib/thumb/v7-m/nofp\libg_nano.a(lib_a-fflush.o)
                0x0800567c                __sflush_r
 .text._fflush_r
                0x08005788       0x78 c:/progra~2/gnutoo~1/92019-~1/bin/../lib/gcc/arm-none-eabi/9.2.1/../../../../arm-none-eabi/lib/thumb/v7-m/nofp\libg_nano.a(lib_a-fflush.o)
                0x08005788                _fflush_r
 .text._lseek_r
                0x08005800       0x24 c:/progra~2/gnutoo~1/92019-~1/bin/../lib/gcc/arm-none-eabi/9.2.1/../../../../arm-none-eabi/lib/thumb/v7-m/nofp\libg_nano.a(lib_a-lseekr.o)
                0x08005800                _lseek_r
 .text.__swhatbuf_r
                0x08005824       0x48 c:/progra~2/gnutoo~1/92019-~1/bin/../lib/gcc/arm-none-eabi/9.2.1/../../../../arm-none-eabi/lib/thumb/v7-m/nofp\libg_nano.a(lib_a-makebuf.o)
                0x08005824                __swhatbuf_r
 .text.__smakebuf_r
                0x0800586c       0x80 c:/progra~2/gnutoo~1/92019-~1/bin/../lib/gcc/arm-none-eabi/9.2.1/../../../../arm-none-eabi/lib/thumb/v7-m/nofp\libg_nano.a(lib_a-makebuf.o)
                0x0800586c                __smakebuf_r
 .text.memchr   0x080058ec       0x1c c:/progra~2/gnutoo~1/92019-~1/bin/../lib/gcc/arm-none-eabi/9.2.1/../../../../arm-none-eabi/lib/thumb/v7-m/nofp\libg_nano.a(lib_a-memchr-stub.o)
                0x080058ec                memchr
 .text.__malloc_lock
                0x08005908        0xc c:/progra~2/gnutoo~1/92019-~1/bin/../lib/gcc/arm-none-eabi/9.2.1/../../../../arm-none-eabi/lib/thumb/v7-m/nofp\libg_nano.a(lib_a-mlock.o)
                0x08005908                __malloc_lock
 .text.__malloc_unlock
                0x08005914        0xc c:/progra~2/gnutoo~1/92019-~1/bin/../lib/gcc/arm-none-eabi/9.2.1/../../../../arm-none-eabi/lib/thumb/v7-m/nofp\libg_nano.a(lib_a-mlock.o)
                0x08005914                __malloc_unlock
 .text._free_r  0x08005920       0x98 c:/progra~2/gnutoo~1/92019-~1/bin/../lib/gcc/arm-none-eabi/9.2.1/../../../../arm-none-eabi/lib/thumb/v7-m/nofp\libg_nano.a(lib_a-nano-freer.o)
                0x08005920                _free_r
 .text._read_r  0x080059b8       0x24 c:/progra~2/gnutoo~1/92019-~1/bin/../lib/gcc/arm-none-eabi/9.2.1/../../../../arm-none-eabi/lib/thumb/v7-m/nofp\libg_nano.a(lib_a-readr.o)
                0x080059b8                _read_r
 .text._fstat_r
                0x080059dc       0x24 c:/progra~2/gnutoo~1/92019-~1/bin/../lib/gcc/arm-none-eabi/9.2.1/../../../../arm-none-eabi/lib/thumb/v7-m/nofp\libg_nano.a(lib_a-fstatr.o)
                0x080059dc                _fstat_r
 .text._isatty_r
                0x08005a00       0x20 c:/progra~2/gnutoo~1/92019-~1/bin/../lib/gcc/arm-none-eabi/9.2.1/../../../../arm-none-eabi/lib/thumb/v7-m/nofp\libg_nano.a(lib_a-isattyr.o)
                0x08005a00                _isatty_r
 *(.glue_7)
 .glue_7        0x08005a20        0x0 linker stubs
 *(.glue_7t)
 .glue_7t       0x08005a20        0x0 linker stubs
 *(.eh_frame)
 .eh_frame      0x08005a20        0x0 c:/progra~2/gnutoo~1/92019-~1/bin/../lib/gcc/arm-none-eabi/9.2.1/thumb/v7-m/nofp/crtbegin.o
 *(.init)
 .init          0x08005a20        0x4 c:/progra~2/gnutoo~1/92019-~1/bin/../lib/gcc/arm-none-eabi/9.2.1/thumb/v7-m/nofp/crti.o
                0x08005a20                _init
 .init          0x08005a24        0x8 c:/progra~2/gnutoo~1/92019-~1/bin/../lib/gcc/arm-none-eabi/9.2.1/thumb/v7-m/nofp/crtn.o
 *(.fini)
 .fini          0x08005a2c        0x4 c:/progra~2/gnutoo~1/92019-~1/bin/../lib/gcc/arm-none-eabi/9.2.1/thumb/v7-m/nofp/crti.o
                0x08005a2c                _fini
 .fini          0x08005a30        0x8 c:/progra~2/gnutoo~1/92019-~1/bin/../lib/gcc/arm-none-eabi/9.2.1/thumb/v7-m/nofp/crtn.o
                0x08005a38                . = ALIGN (0x4)
                0x08005a38                _etext = .

.vfp11_veneer   0x08005a38        0x0
 .vfp11_veneer  0x08005a38        0x0 linker stubs

.v4_bx          0x08005a38        0x0
 .v4_bx         0x08005a38        0x0 linker stubs

.iplt           0x08005a38        0x0
 .iplt          0x08005a38        0x0 c:/progra~2/gnutoo~1/92019-~1/bin/../lib/gcc/arm-none-eabi/9.2.1/thumb/v7-m/nofp/crtbegin.o

.rodata         0x08005a38       0xe0
                0x08005a38                . = ALIGN (0x4)
 *(.rodata)
 .rodata        0x08005a38       0x10 CMakeFiles/EEHOMEWORK.elf.dir/Drivers/STM32F1xx_HAL_Driver/Src/stm32f1xx_hal_rcc.c.obj
 .rodata        0x08005a48       0x10 CMakeFiles/EEHOMEWORK.elf.dir/Drivers/STM32F1xx_HAL_Driver/Src/stm32f1xx_hal_rcc_ex.c.obj
 .rodata        0x08005a58        0xe CMakeFiles/EEHOMEWORK.elf.dir/Src/main.c.obj
 *(.rodata*)
 *fill*         0x08005a66        0x2 
 .rodata.AHBPrescTable
                0x08005a68       0x10 CMakeFiles/EEHOMEWORK.elf.dir/Src/system_stm32f1xx.c.obj
                0x08005a68                AHBPrescTable
 .rodata.APBPrescTable
                0x08005a78        0x8 CMakeFiles/EEHOMEWORK.elf.dir/Src/system_stm32f1xx.c.obj
                0x08005a78                APBPrescTable
 .rodata._global_impure_ptr
                0x08005a80        0x4 c:/progra~2/gnutoo~1/92019-~1/bin/../lib/gcc/arm-none-eabi/9.2.1/../../../../arm-none-eabi/lib/thumb/v7-m/nofp\libg_nano.a(lib_a-impure.o)
                0x08005a80                _global_impure_ptr
 .rodata.__sf_fake_stderr
                0x08005a84       0x20 c:/progra~2/gnutoo~1/92019-~1/bin/../lib/gcc/arm-none-eabi/9.2.1/../../../../arm-none-eabi/lib/thumb/v7-m/nofp\libg_nano.a(lib_a-findfp.o)
                0x08005a84                __sf_fake_stderr
 .rodata.__sf_fake_stdin
                0x08005aa4       0x20 c:/progra~2/gnutoo~1/92019-~1/bin/../lib/gcc/arm-none-eabi/9.2.1/../../../../arm-none-eabi/lib/thumb/v7-m/nofp\libg_nano.a(lib_a-findfp.o)
                0x08005aa4                __sf_fake_stdin
 .rodata.__sf_fake_stdout
                0x08005ac4       0x20 c:/progra~2/gnutoo~1/92019-~1/bin/../lib/gcc/arm-none-eabi/9.2.1/../../../../arm-none-eabi/lib/thumb/v7-m/nofp\libg_nano.a(lib_a-findfp.o)
                0x08005ac4                __sf_fake_stdout
 .rodata._vfprintf_r.str1.1
                0x08005ae4       0x11 c:/progra~2/gnutoo~1/92019-~1/bin/../lib/gcc/arm-none-eabi/9.2.1/../../../../arm-none-eabi/lib/thumb/v7-m/nofp\libg_nano.a(lib_a-nano-vfprintf.o)
 .rodata._printf_i.str1.1
                0x08005af5       0x22 c:/progra~2/gnutoo~1/92019-~1/bin/../lib/gcc/arm-none-eabi/9.2.1/../../../../arm-none-eabi/lib/thumb/v7-m/nofp\libg_nano.a(lib_a-nano-vfprintf_i.o)
                0x08005b18                . = ALIGN (0x4)
 *fill*         0x08005b17        0x1 

.rel.dyn        0x08005b18        0x0
 .rel.iplt      0x08005b18        0x0 c:/progra~2/gnutoo~1/92019-~1/bin/../lib/gcc/arm-none-eabi/9.2.1/thumb/v7-m/nofp/crtbegin.o

.ARM.extab
 *(.ARM.extab* .gnu.linkonce.armextab.*)

.ARM            0x08005b18        0x0
                0x08005b18                __exidx_start = .
 *(.ARM.exidx*)
                0x08005b18                __exidx_end = .

.preinit_array  0x08005b18        0x0
                0x08005b18                PROVIDE (__preinit_array_start = .)
 *(.preinit_array*)
                0x08005b18                PROVIDE (__preinit_array_end = .)

.init_array     0x08005b18        0x4
                0x08005b18                PROVIDE (__init_array_start = .)
 *(SORT_BY_NAME(.init_array.*))
 *(.init_array*)
 .init_array    0x08005b18        0x4 c:/progra~2/gnutoo~1/92019-~1/bin/../lib/gcc/arm-none-eabi/9.2.1/thumb/v7-m/nofp/crtbegin.o
                0x08005b1c                PROVIDE (__init_array_end = .)

.fini_array     0x08005b1c        0x4
                [!provide]                PROVIDE (__fini_array_start = .)
 *(SORT_BY_NAME(.fini_array.*))
 *(.fini_array*)
 .fini_array    0x08005b1c        0x4 c:/progra~2/gnutoo~1/92019-~1/bin/../lib/gcc/arm-none-eabi/9.2.1/thumb/v7-m/nofp/crtbegin.o
                [!provide]                PROVIDE (__fini_array_end = .)
                0x08005b20                _sidata = LOADADDR (.data)

.data           0x20000000       0x80 load address 0x08005b20
                0x20000000                . = ALIGN (0x4)
                0x20000000                _sdata = .
 *(.data)
 *(.data*)
 .data.uwTickPrio
                0x20000000        0x4 CMakeFiles/EEHOMEWORK.elf.dir/Drivers/STM32F1xx_HAL_Driver/Src/stm32f1xx_hal.c.obj
                0x20000000                uwTickPrio
 .data.uwTickFreq
                0x20000004        0x1 CMakeFiles/EEHOMEWORK.elf.dir/Drivers/STM32F1xx_HAL_Driver/Src/stm32f1xx_hal.c.obj
                0x20000004                uwTickFreq
 .data.tx_flag  0x20000005        0x1 CMakeFiles/EEHOMEWORK.elf.dir/Src/main.c.obj
                0x20000005                tx_flag
 *fill*         0x20000006        0x2 
 .data.smg_data
                0x20000008       0x10 CMakeFiles/EEHOMEWORK.elf.dir/Src/main.c.obj
                0x20000008                smg_data
 .data.SystemCoreClock
                0x20000018        0x4 CMakeFiles/EEHOMEWORK.elf.dir/Src/system_stm32f1xx.c.obj
                0x20000018                SystemCoreClock
 .data._impure_ptr
                0x2000001c        0x4 c:/progra~2/gnutoo~1/92019-~1/bin/../lib/gcc/arm-none-eabi/9.2.1/../../../../arm-none-eabi/lib/thumb/v7-m/nofp\libg_nano.a(lib_a-impure.o)
                0x2000001c                _impure_ptr
 .data.impure_data
                0x20000020       0x60 c:/progra~2/gnutoo~1/92019-~1/bin/../lib/gcc/arm-none-eabi/9.2.1/../../../../arm-none-eabi/lib/thumb/v7-m/nofp\libg_nano.a(lib_a-impure.o)
                0x20000080                . = ALIGN (0x4)
                0x20000080                _edata = .

.igot.plt       0x20000080        0x0 load address 0x08005ba0
 .igot.plt      0x20000080        0x0 c:/progra~2/gnutoo~1/92019-~1/bin/../lib/gcc/arm-none-eabi/9.2.1/thumb/v7-m/nofp/crtbegin.o
                0x20000080                . = ALIGN (0x4)

.bss            0x20000080      0x170 load address 0x08005ba0
                0x20000080                _sbss = .
                0x20000080                __bss_start__ = _sbss
 *(.bss)
 .bss           0x20000080       0x1c c:/progra~2/gnutoo~1/92019-~1/bin/../lib/gcc/arm-none-eabi/9.2.1/thumb/v7-m/nofp/crtbegin.o
 *(.bss*)
 .bss.uwTick    0x2000009c        0x4 CMakeFiles/EEHOMEWORK.elf.dir/Drivers/STM32F1xx_HAL_Driver/Src/stm32f1xx_hal.c.obj
                0x2000009c                uwTick
 .bss.hadc1     0x200000a0       0x30 CMakeFiles/EEHOMEWORK.elf.dir/Src/adc.c.obj
                0x200000a0                hadc1
 .bss.hdac      0x200000d0       0x14 CMakeFiles/EEHOMEWORK.elf.dir/Src/dac.c.obj
                0x200000d0                hdac
 .bss.fac_us    0x200000e4        0x4 CMakeFiles/EEHOMEWORK.elf.dir/Src/delay.c.obj
 .bss.adc_value
                0x200000e8        0x4 CMakeFiles/EEHOMEWORK.elf.dir/Src/main.c.obj
                0x200000e8                adc_value
 *fill*         0x200000ec        0x4 
 .bss.t         0x200000f0        0x8 CMakeFiles/EEHOMEWORK.elf.dir/Src/main.c.obj
                0x200000f0                t
 .bss.hspi1     0x200000f8       0x58 CMakeFiles/EEHOMEWORK.elf.dir/Src/spi.c.obj
                0x200000f8                hspi1
 .bss.heap_end.6018
                0x20000150        0x4 CMakeFiles/EEHOMEWORK.elf.dir/Src/syscalls.c.obj
 .bss.htim3     0x20000154       0x40 CMakeFiles/EEHOMEWORK.elf.dir/Src/tim.c.obj
                0x20000154                htim3
 .bss.i.6548    0x20000194        0x4 CMakeFiles/EEHOMEWORK.elf.dir/Src/tim.c.obj
 .bss.huart1    0x20000198       0x40 CMakeFiles/EEHOMEWORK.elf.dir/Src/usart.c.obj
                0x20000198                huart1
 .bss.__malloc_free_list
                0x200001d8        0x4 c:/progra~2/gnutoo~1/92019-~1/bin/../lib/gcc/arm-none-eabi/9.2.1/../../../../arm-none-eabi/lib/thumb/v7-m/nofp\libg_nano.a(lib_a-nano-mallocr.o)
                0x200001d8                __malloc_free_list
 .bss.__malloc_sbrk_start
                0x200001dc        0x4 c:/progra~2/gnutoo~1/92019-~1/bin/../lib/gcc/arm-none-eabi/9.2.1/../../../../arm-none-eabi/lib/thumb/v7-m/nofp\libg_nano.a(lib_a-nano-mallocr.o)
                0x200001dc                __malloc_sbrk_start
 *(COMMON)
 COMMON         0x200001e0        0x9 c:/progra~2/gnutoo~1/92019-~1/bin/../lib/gcc/arm-none-eabi/9.2.1/../../../../arm-none-eabi/lib/thumb/v7-m/nofp\libg_nano.a(lib_a-lock.o)
                0x200001e0                __lock___atexit_recursive_mutex
                0x200001e1                __lock___arc4random_mutex
                0x200001e2                __lock___env_recursive_mutex
                0x200001e3                __lock___sinit_recursive_mutex
                0x200001e4                __lock___malloc_recursive_mutex
                0x200001e5                __lock___at_quick_exit_mutex
                0x200001e6                __lock___dd_hash_mutex
                0x200001e7                __lock___tz_mutex
                0x200001e8                __lock___sfp_recursive_mutex
 *fill*         0x200001e9        0x3 
 COMMON         0x200001ec        0x4 c:/progra~2/gnutoo~1/92019-~1/bin/../lib/gcc/arm-none-eabi/9.2.1/../../../../arm-none-eabi/lib/thumb/v7-m/nofp\libg_nano.a(lib_a-reent.o)
                0x200001ec                errno
                0x200001f0                . = ALIGN (0x4)
                0x200001f0                _ebss = .
                0x200001f0                __bss_end__ = _ebss

._user_heap_stack
                0x200001f0      0x600 load address 0x08005ba0
                0x200001f0                . = ALIGN (0x8)
                0x200001f0                PROVIDE (end = .)
                [!provide]                PROVIDE (_end = .)
                0x200003f0                . = (. + _Min_Heap_Size)
 *fill*         0x200001f0      0x200 
                0x200007f0                . = (. + _Min_Stack_Size)
 *fill*         0x200003f0      0x400 
                0x200007f0                . = ALIGN (0x8)

/DISCARD/
 libc.a(*)
 libm.a(*)
 libgcc.a(*)

.ARM.attributes
                0x00000000       0x29
 *(.ARM.attributes)
 .ARM.attributes
                0x00000000       0x1d c:/progra~2/gnutoo~1/92019-~1/bin/../lib/gcc/arm-none-eabi/9.2.1/thumb/v7-m/nofp/crti.o
 .ARM.attributes
                0x0000001d       0x2d c:/progra~2/gnutoo~1/92019-~1/bin/../lib/gcc/arm-none-eabi/9.2.1/thumb/v7-m/nofp/crtbegin.o
 .ARM.attributes
                0x0000004a       0x2d CMakeFiles/EEHOMEWORK.elf.dir/Drivers/STM32F1xx_HAL_Driver/Src/stm32f1xx_hal.c.obj
 .ARM.attributes
                0x00000077       0x2d CMakeFiles/EEHOMEWORK.elf.dir/Drivers/STM32F1xx_HAL_Driver/Src/stm32f1xx_hal_adc.c.obj
 .ARM.attributes
                0x000000a4       0x2d CMakeFiles/EEHOMEWORK.elf.dir/Drivers/STM32F1xx_HAL_Driver/Src/stm32f1xx_hal_cortex.c.obj
 .ARM.attributes
                0x000000d1       0x2d CMakeFiles/EEHOMEWORK.elf.dir/Drivers/STM32F1xx_HAL_Driver/Src/stm32f1xx_hal_dac.c.obj
 .ARM.attributes
                0x000000fe       0x2d CMakeFiles/EEHOMEWORK.elf.dir/Drivers/STM32F1xx_HAL_Driver/Src/stm32f1xx_hal_dma.c.obj
 .ARM.attributes
                0x0000012b       0x2d CMakeFiles/EEHOMEWORK.elf.dir/Drivers/STM32F1xx_HAL_Driver/Src/stm32f1xx_hal_gpio.c.obj
 .ARM.attributes
                0x00000158       0x2d CMakeFiles/EEHOMEWORK.elf.dir/Drivers/STM32F1xx_HAL_Driver/Src/stm32f1xx_hal_rcc.c.obj
 .ARM.attributes
                0x00000185       0x2d CMakeFiles/EEHOMEWORK.elf.dir/Drivers/STM32F1xx_HAL_Driver/Src/stm32f1xx_hal_rcc_ex.c.obj
 .ARM.attributes
                0x000001b2       0x2d CMakeFiles/EEHOMEWORK.elf.dir/Drivers/STM32F1xx_HAL_Driver/Src/stm32f1xx_hal_spi.c.obj
 .ARM.attributes
                0x000001df       0x2d CMakeFiles/EEHOMEWORK.elf.dir/Drivers/STM32F1xx_HAL_Driver/Src/stm32f1xx_hal_tim.c.obj
 .ARM.attributes
                0x0000020c       0x2d CMakeFiles/EEHOMEWORK.elf.dir/Drivers/STM32F1xx_HAL_Driver/Src/stm32f1xx_hal_tim_ex.c.obj
 .ARM.attributes
                0x00000239       0x2d CMakeFiles/EEHOMEWORK.elf.dir/Drivers/STM32F1xx_HAL_Driver/Src/stm32f1xx_hal_uart.c.obj
 .ARM.attributes
                0x00000266       0x2d CMakeFiles/EEHOMEWORK.elf.dir/Src/adc.c.obj
 .ARM.attributes
                0x00000293       0x2d CMakeFiles/EEHOMEWORK.elf.dir/Src/dac.c.obj
 .ARM.attributes
                0x000002c0       0x2d CMakeFiles/EEHOMEWORK.elf.dir/Src/delay.c.obj
 .ARM.attributes
                0x000002ed       0x2d CMakeFiles/EEHOMEWORK.elf.dir/Src/gpio.c.obj
 .ARM.attributes
                0x0000031a       0x2d CMakeFiles/EEHOMEWORK.elf.dir/Src/infrared_emission.c.obj
 .ARM.attributes
                0x00000347       0x2d CMakeFiles/EEHOMEWORK.elf.dir/Src/main.c.obj
 .ARM.attributes
                0x00000374       0x2d CMakeFiles/EEHOMEWORK.elf.dir/Src/smg.c.obj
 .ARM.attributes
                0x000003a1       0x2d CMakeFiles/EEHOMEWORK.elf.dir/Src/spi.c.obj
 .ARM.attributes
                0x000003ce       0x2d CMakeFiles/EEHOMEWORK.elf.dir/Src/stm32f1xx_hal_msp.c.obj
 .ARM.attributes
                0x000003fb       0x2d CMakeFiles/EEHOMEWORK.elf.dir/Src/stm32f1xx_it.c.obj
 .ARM.attributes
                0x00000428       0x2d CMakeFiles/EEHOMEWORK.elf.dir/Src/syscalls.c.obj
 .ARM.attributes
                0x00000455       0x2d CMakeFiles/EEHOMEWORK.elf.dir/Src/system_stm32f1xx.c.obj
 .ARM.attributes
                0x00000482       0x2d CMakeFiles/EEHOMEWORK.elf.dir/Src/tim.c.obj
 .ARM.attributes
                0x000004af       0x2d CMakeFiles/EEHOMEWORK.elf.dir/Src/usart.c.obj
 .ARM.attributes
                0x000004dc       0x21 CMakeFiles/EEHOMEWORK.elf.dir/startup/startup_stm32f103xe.s.obj
 .ARM.attributes
                0x000004fd       0x1d c:/progra~2/gnutoo~1/92019-~1/bin/../lib/gcc/arm-none-eabi/9.2.1/thumb/v7-m/nofp\libgcc.a(_arm_addsubdf3.o)
 .ARM.attributes
                0x0000051a       0x1d c:/progra~2/gnutoo~1/92019-~1/bin/../lib/gcc/arm-none-eabi/9.2.1/thumb/v7-m/nofp\libgcc.a(_arm_muldivdf3.o)
 .ARM.attributes
                0x00000537       0x1d c:/progra~2/gnutoo~1/92019-~1/bin/../lib/gcc/arm-none-eabi/9.2.1/thumb/v7-m/nofp\libgcc.a(_arm_fixdfsi.o)
 .ARM.attributes
                0x00000554       0x1d c:/progra~2/gnutoo~1/92019-~1/bin/../lib/gcc/arm-none-eabi/9.2.1/thumb/v7-m/nofp\libgcc.a(_arm_fixunsdfsi.o)
 .ARM.attributes
                0x00000571       0x2d c:/progra~2/gnutoo~1/92019-~1/bin/../lib/gcc/arm-none-eabi/9.2.1/../../../../arm-none-eabi/lib/thumb/v7-m/nofp\libg_nano.a(lib_a-errno.o)
 .ARM.attributes
                0x0000059e       0x2d c:/progra~2/gnutoo~1/92019-~1/bin/../lib/gcc/arm-none-eabi/9.2.1/../../../../arm-none-eabi/lib/thumb/v7-m/nofp\libg_nano.a(lib_a-impure.o)
 .ARM.attributes
                0x000005cb       0x2d c:/progra~2/gnutoo~1/92019-~1/bin/../lib/gcc/arm-none-eabi/9.2.1/../../../../arm-none-eabi/lib/thumb/v7-m/nofp\libg_nano.a(lib_a-init.o)
 .ARM.attributes
                0x000005f8       0x2d c:/progra~2/gnutoo~1/92019-~1/bin/../lib/gcc/arm-none-eabi/9.2.1/../../../../arm-none-eabi/lib/thumb/v7-m/nofp\libg_nano.a(lib_a-memset.o)
 .ARM.attributes
                0x00000625       0x2d c:/progra~2/gnutoo~1/92019-~1/bin/../lib/gcc/arm-none-eabi/9.2.1/../../../../arm-none-eabi/lib/thumb/v7-m/nofp\libg_nano.a(lib_a-printf.o)
 .ARM.attributes
                0x00000652       0x2d c:/progra~2/gnutoo~1/92019-~1/bin/../lib/gcc/arm-none-eabi/9.2.1/../../../../arm-none-eabi/lib/thumb/v7-m/nofp\libg_nano.a(lib_a-findfp.o)
 .ARM.attributes
                0x0000067f       0x2d c:/progra~2/gnutoo~1/92019-~1/bin/../lib/gcc/arm-none-eabi/9.2.1/../../../../arm-none-eabi/lib/thumb/v7-m/nofp\libg_nano.a(lib_a-fwalk.o)
 .ARM.attributes
                0x000006ac       0x2d c:/progra~2/gnutoo~1/92019-~1/bin/../lib/gcc/arm-none-eabi/9.2.1/../../../../arm-none-eabi/lib/thumb/v7-m/nofp\libg_nano.a(lib_a-lock.o)
 .ARM.attributes
                0x000006d9       0x2d c:/progra~2/gnutoo~1/92019-~1/bin/../lib/gcc/arm-none-eabi/9.2.1/../../../../arm-none-eabi/lib/thumb/v7-m/nofp\libg_nano.a(lib_a-nano-mallocr.o)
 .ARM.attributes
                0x00000706       0x2d c:/progra~2/gnutoo~1/92019-~1/bin/../lib/gcc/arm-none-eabi/9.2.1/../../../../arm-none-eabi/lib/thumb/v7-m/nofp\libg_nano.a(lib_a-nano-vfprintf.o)
 .ARM.attributes
                0x00000733       0x2d c:/progra~2/gnutoo~1/92019-~1/bin/../lib/gcc/arm-none-eabi/9.2.1/../../../../arm-none-eabi/lib/thumb/v7-m/nofp\libg_nano.a(lib_a-nano-vfprintf_i.o)
 .ARM.attributes
                0x00000760       0x2d c:/progra~2/gnutoo~1/92019-~1/bin/../lib/gcc/arm-none-eabi/9.2.1/../../../../arm-none-eabi/lib/thumb/v7-m/nofp\libg_nano.a(lib_a-sbrkr.o)
 .ARM.attributes
                0x0000078d       0x2d c:/progra~2/gnutoo~1/92019-~1/bin/../lib/gcc/arm-none-eabi/9.2.1/../../../../arm-none-eabi/lib/thumb/v7-m/nofp\libg_nano.a(lib_a-stdio.o)
 .ARM.attributes
                0x000007ba       0x2d c:/progra~2/gnutoo~1/92019-~1/bin/../lib/gcc/arm-none-eabi/9.2.1/../../../../arm-none-eabi/lib/thumb/v7-m/nofp\libg_nano.a(lib_a-wbuf.o)
 .ARM.attributes
                0x000007e7       0x2d c:/progra~2/gnutoo~1/92019-~1/bin/../lib/gcc/arm-none-eabi/9.2.1/../../../../arm-none-eabi/lib/thumb/v7-m/nofp\libg_nano.a(lib_a-writer.o)
 .ARM.attributes
                0x00000814       0x2d c:/progra~2/gnutoo~1/92019-~1/bin/../lib/gcc/arm-none-eabi/9.2.1/../../../../arm-none-eabi/lib/thumb/v7-m/nofp\libg_nano.a(lib_a-wsetup.o)
 .ARM.attributes
                0x00000841       0x2d c:/progra~2/gnutoo~1/92019-~1/bin/../lib/gcc/arm-none-eabi/9.2.1/../../../../arm-none-eabi/lib/thumb/v7-m/nofp\libg_nano.a(lib_a-closer.o)
 .ARM.attributes
                0x0000086e       0x2d c:/progra~2/gnutoo~1/92019-~1/bin/../lib/gcc/arm-none-eabi/9.2.1/../../../../arm-none-eabi/lib/thumb/v7-m/nofp\libg_nano.a(lib_a-fflush.o)
 .ARM.attributes
                0x0000089b       0x2d c:/progra~2/gnutoo~1/92019-~1/bin/../lib/gcc/arm-none-eabi/9.2.1/../../../../arm-none-eabi/lib/thumb/v7-m/nofp\libg_nano.a(lib_a-lseekr.o)
 .ARM.attributes
                0x000008c8       0x2d c:/progra~2/gnutoo~1/92019-~1/bin/../lib/gcc/arm-none-eabi/9.2.1/../../../../arm-none-eabi/lib/thumb/v7-m/nofp\libg_nano.a(lib_a-makebuf.o)
 .ARM.attributes
                0x000008f5       0x2d c:/progra~2/gnutoo~1/92019-~1/bin/../lib/gcc/arm-none-eabi/9.2.1/../../../../arm-none-eabi/lib/thumb/v7-m/nofp\libg_nano.a(lib_a-memchr-stub.o)
 .ARM.attributes
                0x00000922       0x2d c:/progra~2/gnutoo~1/92019-~1/bin/../lib/gcc/arm-none-eabi/9.2.1/../../../../arm-none-eabi/lib/thumb/v7-m/nofp\libg_nano.a(lib_a-mlock.o)
 .ARM.attributes
                0x0000094f       0x2d c:/progra~2/gnutoo~1/92019-~1/bin/../lib/gcc/arm-none-eabi/9.2.1/../../../../arm-none-eabi/lib/thumb/v7-m/nofp\libg_nano.a(lib_a-nano-freer.o)
 .ARM.attributes
                0x0000097c       0x2d c:/progra~2/gnutoo~1/92019-~1/bin/../lib/gcc/arm-none-eabi/9.2.1/../../../../arm-none-eabi/lib/thumb/v7-m/nofp\libg_nano.a(lib_a-readr.o)
 .ARM.attributes
                0x000009a9       0x2d c:/progra~2/gnutoo~1/92019-~1/bin/../lib/gcc/arm-none-eabi/9.2.1/../../../../arm-none-eabi/lib/thumb/v7-m/nofp\libg_nano.a(lib_a-reent.o)
 .ARM.attributes
                0x000009d6       0x2d c:/progra~2/gnutoo~1/92019-~1/bin/../lib/gcc/arm-none-eabi/9.2.1/../../../../arm-none-eabi/lib/thumb/v7-m/nofp\libg_nano.a(lib_a-fstatr.o)
 .ARM.attributes
                0x00000a03       0x2d c:/progra~2/gnutoo~1/92019-~1/bin/../lib/gcc/arm-none-eabi/9.2.1/../../../../arm-none-eabi/lib/thumb/v7-m/nofp\libg_nano.a(lib_a-isattyr.o)
 .ARM.attributes
                0x00000a30       0x1d c:/progra~2/gnutoo~1/92019-~1/bin/../lib/gcc/arm-none-eabi/9.2.1/thumb/v7-m/nofp/crtn.o
OUTPUT(EEHOMEWORK.elf elf32-littlearm)

.debug_info     0x00000000    0x120c8
 .debug_info    0x00000000      0x7ad CMakeFiles/EEHOMEWORK.elf.dir/Drivers/STM32F1xx_HAL_Driver/Src/stm32f1xx_hal.c.obj
 .debug_info    0x000007ad      0xd16 CMakeFiles/EEHOMEWORK.elf.dir/Drivers/STM32F1xx_HAL_Driver/Src/stm32f1xx_hal_adc.c.obj
 .debug_info    0x000014c3      0xc2b CMakeFiles/EEHOMEWORK.elf.dir/Drivers/STM32F1xx_HAL_Driver/Src/stm32f1xx_hal_cortex.c.obj
 .debug_info    0x000020ee      0xa53 CMakeFiles/EEHOMEWORK.elf.dir/Drivers/STM32F1xx_HAL_Driver/Src/stm32f1xx_hal_dac.c.obj
 .debug_info    0x00002b41      0x807 CMakeFiles/EEHOMEWORK.elf.dir/Drivers/STM32F1xx_HAL_Driver/Src/stm32f1xx_hal_dma.c.obj
 .debug_info    0x00003348      0x6da CMakeFiles/EEHOMEWORK.elf.dir/Drivers/STM32F1xx_HAL_Driver/Src/stm32f1xx_hal_gpio.c.obj
 .debug_info    0x00003a22      0x877 CMakeFiles/EEHOMEWORK.elf.dir/Drivers/STM32F1xx_HAL_Driver/Src/stm32f1xx_hal_rcc.c.obj
 .debug_info    0x00004299      0x485 CMakeFiles/EEHOMEWORK.elf.dir/Drivers/STM32F1xx_HAL_Driver/Src/stm32f1xx_hal_rcc_ex.c.obj
 .debug_info    0x0000471e     0x1676 CMakeFiles/EEHOMEWORK.elf.dir/Drivers/STM32F1xx_HAL_Driver/Src/stm32f1xx_hal_spi.c.obj
 .debug_info    0x00005d94     0x2669 CMakeFiles/EEHOMEWORK.elf.dir/Drivers/STM32F1xx_HAL_Driver/Src/stm32f1xx_hal_tim.c.obj
 .debug_info    0x000083fd     0x11fb CMakeFiles/EEHOMEWORK.elf.dir/Drivers/STM32F1xx_HAL_Driver/Src/stm32f1xx_hal_tim_ex.c.obj
 .debug_info    0x000095f8     0x12db CMakeFiles/EEHOMEWORK.elf.dir/Drivers/STM32F1xx_HAL_Driver/Src/stm32f1xx_hal_uart.c.obj
 .debug_info    0x0000a8d3      0x86d CMakeFiles/EEHOMEWORK.elf.dir/Src/adc.c.obj
 .debug_info    0x0000b140      0x7b7 CMakeFiles/EEHOMEWORK.elf.dir/Src/dac.c.obj
 .debug_info    0x0000b8f7      0x2ae CMakeFiles/EEHOMEWORK.elf.dir/Src/delay.c.obj
 .debug_info    0x0000bba5      0x35b CMakeFiles/EEHOMEWORK.elf.dir/Src/gpio.c.obj
 .debug_info    0x0000bf00      0x278 CMakeFiles/EEHOMEWORK.elf.dir/Src/infrared_emission.c.obj
 .debug_info    0x0000c178     0x1a53 CMakeFiles/EEHOMEWORK.elf.dir/Src/main.c.obj
 .debug_info    0x0000dbcb      0x737 CMakeFiles/EEHOMEWORK.elf.dir/Src/smg.c.obj
 .debug_info    0x0000e302      0x920 CMakeFiles/EEHOMEWORK.elf.dir/Src/spi.c.obj
 .debug_info    0x0000ec22      0x2e5 CMakeFiles/EEHOMEWORK.elf.dir/Src/stm32f1xx_hal_msp.c.obj
 .debug_info    0x0000ef07      0x946 CMakeFiles/EEHOMEWORK.elf.dir/Src/stm32f1xx_it.c.obj
 .debug_info    0x0000f84d     0x100f CMakeFiles/EEHOMEWORK.elf.dir/Src/syscalls.c.obj
 .debug_info    0x0001085c      0x462 CMakeFiles/EEHOMEWORK.elf.dir/Src/system_stm32f1xx.c.obj
 .debug_info    0x00010cbe      0xa1f CMakeFiles/EEHOMEWORK.elf.dir/Src/tim.c.obj
 .debug_info    0x000116dd      0x9c9 CMakeFiles/EEHOMEWORK.elf.dir/Src/usart.c.obj
 .debug_info    0x000120a6       0x22 CMakeFiles/EEHOMEWORK.elf.dir/startup/startup_stm32f103xe.s.obj

.debug_abbrev   0x00000000     0x3228
 .debug_abbrev  0x00000000      0x1fd CMakeFiles/EEHOMEWORK.elf.dir/Drivers/STM32F1xx_HAL_Driver/Src/stm32f1xx_hal.c.obj
 .debug_abbrev  0x000001fd      0x1f8 CMakeFiles/EEHOMEWORK.elf.dir/Drivers/STM32F1xx_HAL_Driver/Src/stm32f1xx_hal_adc.c.obj
 .debug_abbrev  0x000003f5      0x310 CMakeFiles/EEHOMEWORK.elf.dir/Drivers/STM32F1xx_HAL_Driver/Src/stm32f1xx_hal_cortex.c.obj
 .debug_abbrev  0x00000705      0x1ef CMakeFiles/EEHOMEWORK.elf.dir/Drivers/STM32F1xx_HAL_Driver/Src/stm32f1xx_hal_dac.c.obj
 .debug_abbrev  0x000008f4      0x225 CMakeFiles/EEHOMEWORK.elf.dir/Drivers/STM32F1xx_HAL_Driver/Src/stm32f1xx_hal_dma.c.obj
 .debug_abbrev  0x00000b19      0x1e5 CMakeFiles/EEHOMEWORK.elf.dir/Drivers/STM32F1xx_HAL_Driver/Src/stm32f1xx_hal_gpio.c.obj
 .debug_abbrev  0x00000cfe      0x270 CMakeFiles/EEHOMEWORK.elf.dir/Drivers/STM32F1xx_HAL_Driver/Src/stm32f1xx_hal_rcc.c.obj
 .debug_abbrev  0x00000f6e      0x190 CMakeFiles/EEHOMEWORK.elf.dir/Drivers/STM32F1xx_HAL_Driver/Src/stm32f1xx_hal_rcc_ex.c.obj
 .debug_abbrev  0x000010fe      0x26b CMakeFiles/EEHOMEWORK.elf.dir/Drivers/STM32F1xx_HAL_Driver/Src/stm32f1xx_hal_spi.c.obj
 .debug_abbrev  0x00001369      0x25b CMakeFiles/EEHOMEWORK.elf.dir/Drivers/STM32F1xx_HAL_Driver/Src/stm32f1xx_hal_tim.c.obj
 .debug_abbrev  0x000015c4      0x249 CMakeFiles/EEHOMEWORK.elf.dir/Drivers/STM32F1xx_HAL_Driver/Src/stm32f1xx_hal_tim_ex.c.obj
 .debug_abbrev  0x0000180d      0x26d CMakeFiles/EEHOMEWORK.elf.dir/Drivers/STM32F1xx_HAL_Driver/Src/stm32f1xx_hal_uart.c.obj
 .debug_abbrev  0x00001a7a      0x1b8 CMakeFiles/EEHOMEWORK.elf.dir/Src/adc.c.obj
 .debug_abbrev  0x00001c32      0x1b8 CMakeFiles/EEHOMEWORK.elf.dir/Src/dac.c.obj
 .debug_abbrev  0x00001dea      0x171 CMakeFiles/EEHOMEWORK.elf.dir/Src/delay.c.obj
 .debug_abbrev  0x00001f5b      0x14b CMakeFiles/EEHOMEWORK.elf.dir/Src/gpio.c.obj
 .debug_abbrev  0x000020a6      0x15e CMakeFiles/EEHOMEWORK.elf.dir/Src/infrared_emission.c.obj
 .debug_abbrev  0x00002204      0x2b5 CMakeFiles/EEHOMEWORK.elf.dir/Src/main.c.obj
 .debug_abbrev  0x000024b9      0x17e CMakeFiles/EEHOMEWORK.elf.dir/Src/smg.c.obj
 .debug_abbrev  0x00002637      0x1b8 CMakeFiles/EEHOMEWORK.elf.dir/Src/spi.c.obj
 .debug_abbrev  0x000027ef      0x11a CMakeFiles/EEHOMEWORK.elf.dir/Src/stm32f1xx_hal_msp.c.obj
 .debug_abbrev  0x00002909      0x173 CMakeFiles/EEHOMEWORK.elf.dir/Src/stm32f1xx_it.c.obj
 .debug_abbrev  0x00002a7c      0x2a9 CMakeFiles/EEHOMEWORK.elf.dir/Src/syscalls.c.obj
 .debug_abbrev  0x00002d25      0x14b CMakeFiles/EEHOMEWORK.elf.dir/Src/system_stm32f1xx.c.obj
 .debug_abbrev  0x00002e70      0x1e5 CMakeFiles/EEHOMEWORK.elf.dir/Src/tim.c.obj
 .debug_abbrev  0x00003055      0x1c1 CMakeFiles/EEHOMEWORK.elf.dir/Src/usart.c.obj
 .debug_abbrev  0x00003216       0x12 CMakeFiles/EEHOMEWORK.elf.dir/startup/startup_stm32f103xe.s.obj

.debug_aranges  0x00000000     0x1120
 .debug_aranges
                0x00000000       0xe0 CMakeFiles/EEHOMEWORK.elf.dir/Drivers/STM32F1xx_HAL_Driver/Src/stm32f1xx_hal.c.obj
 .debug_aranges
                0x000000e0       0xf0 CMakeFiles/EEHOMEWORK.elf.dir/Drivers/STM32F1xx_HAL_Driver/Src/stm32f1xx_hal_adc.c.obj
 .debug_aranges
                0x000001d0      0x100 CMakeFiles/EEHOMEWORK.elf.dir/Drivers/STM32F1xx_HAL_Driver/Src/stm32f1xx_hal_cortex.c.obj
 .debug_aranges
                0x000002d0       0xc0 CMakeFiles/EEHOMEWORK.elf.dir/Drivers/STM32F1xx_HAL_Driver/Src/stm32f1xx_hal_dac.c.obj
 .debug_aranges
                0x00000390       0x80 CMakeFiles/EEHOMEWORK.elf.dir/Drivers/STM32F1xx_HAL_Driver/Src/stm32f1xx_hal_dma.c.obj
 .debug_aranges
                0x00000410       0x58 CMakeFiles/EEHOMEWORK.elf.dir/Drivers/STM32F1xx_HAL_Driver/Src/stm32f1xx_hal_gpio.c.obj
 .debug_aranges
                0x00000468       0x90 CMakeFiles/EEHOMEWORK.elf.dir/Drivers/STM32F1xx_HAL_Driver/Src/stm32f1xx_hal_rcc.c.obj
 .debug_aranges
                0x000004f8       0x30 CMakeFiles/EEHOMEWORK.elf.dir/Drivers/STM32F1xx_HAL_Driver/Src/stm32f1xx_hal_rcc_ex.c.obj
 .debug_aranges
                0x00000528      0x1d0 CMakeFiles/EEHOMEWORK.elf.dir/Drivers/STM32F1xx_HAL_Driver/Src/stm32f1xx_hal_spi.c.obj
 .debug_aranges
                0x000006f8      0x3a8 CMakeFiles/EEHOMEWORK.elf.dir/Drivers/STM32F1xx_HAL_Driver/Src/stm32f1xx_hal_tim.c.obj
 .debug_aranges
                0x00000aa0      0x150 CMakeFiles/EEHOMEWORK.elf.dir/Drivers/STM32F1xx_HAL_Driver/Src/stm32f1xx_hal_tim_ex.c.obj
 .debug_aranges
                0x00000bf0      0x1d0 CMakeFiles/EEHOMEWORK.elf.dir/Drivers/STM32F1xx_HAL_Driver/Src/stm32f1xx_hal_uart.c.obj
 .debug_aranges
                0x00000dc0       0x30 CMakeFiles/EEHOMEWORK.elf.dir/Src/adc.c.obj
 .debug_aranges
                0x00000df0       0x30 CMakeFiles/EEHOMEWORK.elf.dir/Src/dac.c.obj
 .debug_aranges
                0x00000e20       0x30 CMakeFiles/EEHOMEWORK.elf.dir/Src/delay.c.obj
 .debug_aranges
                0x00000e50       0x20 CMakeFiles/EEHOMEWORK.elf.dir/Src/gpio.c.obj
 .debug_aranges
                0x00000e70       0x28 CMakeFiles/EEHOMEWORK.elf.dir/Src/infrared_emission.c.obj
 .debug_aranges
                0x00000e98       0x40 CMakeFiles/EEHOMEWORK.elf.dir/Src/main.c.obj
 .debug_aranges
                0x00000ed8       0x20 CMakeFiles/EEHOMEWORK.elf.dir/Src/smg.c.obj
 .debug_aranges
                0x00000ef8       0x30 CMakeFiles/EEHOMEWORK.elf.dir/Src/spi.c.obj
 .debug_aranges
                0x00000f28       0x20 CMakeFiles/EEHOMEWORK.elf.dir/Src/stm32f1xx_hal_msp.c.obj
 .debug_aranges
                0x00000f48       0x70 CMakeFiles/EEHOMEWORK.elf.dir/Src/stm32f1xx_it.c.obj
 .debug_aranges
                0x00000fb8       0xb0 CMakeFiles/EEHOMEWORK.elf.dir/Src/syscalls.c.obj
 .debug_aranges
                0x00001068       0x28 CMakeFiles/EEHOMEWORK.elf.dir/Src/system_stm32f1xx.c.obj
 .debug_aranges
                0x00001090       0x38 CMakeFiles/EEHOMEWORK.elf.dir/Src/tim.c.obj
 .debug_aranges
                0x000010c8       0x30 CMakeFiles/EEHOMEWORK.elf.dir/Src/usart.c.obj
 .debug_aranges
                0x000010f8       0x28 CMakeFiles/EEHOMEWORK.elf.dir/startup/startup_stm32f103xe.s.obj

.debug_ranges   0x00000000      0xf78
 .debug_ranges  0x00000000       0xd0 CMakeFiles/EEHOMEWORK.elf.dir/Drivers/STM32F1xx_HAL_Driver/Src/stm32f1xx_hal.c.obj
 .debug_ranges  0x000000d0       0xe0 CMakeFiles/EEHOMEWORK.elf.dir/Drivers/STM32F1xx_HAL_Driver/Src/stm32f1xx_hal_adc.c.obj
 .debug_ranges  0x000001b0       0xf0 CMakeFiles/EEHOMEWORK.elf.dir/Drivers/STM32F1xx_HAL_Driver/Src/stm32f1xx_hal_cortex.c.obj
 .debug_ranges  0x000002a0       0xb0 CMakeFiles/EEHOMEWORK.elf.dir/Drivers/STM32F1xx_HAL_Driver/Src/stm32f1xx_hal_dac.c.obj
 .debug_ranges  0x00000350       0x70 CMakeFiles/EEHOMEWORK.elf.dir/Drivers/STM32F1xx_HAL_Driver/Src/stm32f1xx_hal_dma.c.obj
 .debug_ranges  0x000003c0       0x48 CMakeFiles/EEHOMEWORK.elf.dir/Drivers/STM32F1xx_HAL_Driver/Src/stm32f1xx_hal_gpio.c.obj
 .debug_ranges  0x00000408       0x80 CMakeFiles/EEHOMEWORK.elf.dir/Drivers/STM32F1xx_HAL_Driver/Src/stm32f1xx_hal_rcc.c.obj
 .debug_ranges  0x00000488       0x20 CMakeFiles/EEHOMEWORK.elf.dir/Drivers/STM32F1xx_HAL_Driver/Src/stm32f1xx_hal_rcc_ex.c.obj
 .debug_ranges  0x000004a8      0x1c0 CMakeFiles/EEHOMEWORK.elf.dir/Drivers/STM32F1xx_HAL_Driver/Src/stm32f1xx_hal_spi.c.obj
 .debug_ranges  0x00000668      0x398 CMakeFiles/EEHOMEWORK.elf.dir/Drivers/STM32F1xx_HAL_Driver/Src/stm32f1xx_hal_tim.c.obj
 .debug_ranges  0x00000a00      0x140 CMakeFiles/EEHOMEWORK.elf.dir/Drivers/STM32F1xx_HAL_Driver/Src/stm32f1xx_hal_tim_ex.c.obj
 .debug_ranges  0x00000b40      0x1c0 CMakeFiles/EEHOMEWORK.elf.dir/Drivers/STM32F1xx_HAL_Driver/Src/stm32f1xx_hal_uart.c.obj
 .debug_ranges  0x00000d00       0x20 CMakeFiles/EEHOMEWORK.elf.dir/Src/adc.c.obj
 .debug_ranges  0x00000d20       0x20 CMakeFiles/EEHOMEWORK.elf.dir/Src/dac.c.obj
 .debug_ranges  0x00000d40       0x20 CMakeFiles/EEHOMEWORK.elf.dir/Src/delay.c.obj
 .debug_ranges  0x00000d60       0x10 CMakeFiles/EEHOMEWORK.elf.dir/Src/gpio.c.obj
 .debug_ranges  0x00000d70       0x18 CMakeFiles/EEHOMEWORK.elf.dir/Src/infrared_emission.c.obj
 .debug_ranges  0x00000d88       0x30 CMakeFiles/EEHOMEWORK.elf.dir/Src/main.c.obj
 .debug_ranges  0x00000db8       0x10 CMakeFiles/EEHOMEWORK.elf.dir/Src/smg.c.obj
 .debug_ranges  0x00000dc8       0x20 CMakeFiles/EEHOMEWORK.elf.dir/Src/spi.c.obj
 .debug_ranges  0x00000de8       0x10 CMakeFiles/EEHOMEWORK.elf.dir/Src/stm32f1xx_hal_msp.c.obj
 .debug_ranges  0x00000df8       0x60 CMakeFiles/EEHOMEWORK.elf.dir/Src/stm32f1xx_it.c.obj
 .debug_ranges  0x00000e58       0xa0 CMakeFiles/EEHOMEWORK.elf.dir/Src/syscalls.c.obj
 .debug_ranges  0x00000ef8       0x18 CMakeFiles/EEHOMEWORK.elf.dir/Src/system_stm32f1xx.c.obj
 .debug_ranges  0x00000f10       0x28 CMakeFiles/EEHOMEWORK.elf.dir/Src/tim.c.obj
 .debug_ranges  0x00000f38       0x20 CMakeFiles/EEHOMEWORK.elf.dir/Src/usart.c.obj
 .debug_ranges  0x00000f58       0x20 CMakeFiles/EEHOMEWORK.elf.dir/startup/startup_stm32f103xe.s.obj

.debug_line     0x00000000     0xc731
 .debug_line    0x00000000      0x4e2 CMakeFiles/EEHOMEWORK.elf.dir/Drivers/STM32F1xx_HAL_Driver/Src/stm32f1xx_hal.c.obj
 .debug_line    0x000004e2      0xb92 CMakeFiles/EEHOMEWORK.elf.dir/Drivers/STM32F1xx_HAL_Driver/Src/stm32f1xx_hal_adc.c.obj
 .debug_line    0x00001074      0x6c8 CMakeFiles/EEHOMEWORK.elf.dir/Drivers/STM32F1xx_HAL_Driver/Src/stm32f1xx_hal_cortex.c.obj
 .debug_line    0x0000173c      0x699 CMakeFiles/EEHOMEWORK.elf.dir/Drivers/STM32F1xx_HAL_Driver/Src/stm32f1xx_hal_dac.c.obj
 .debug_line    0x00001dd5      0xe38 CMakeFiles/EEHOMEWORK.elf.dir/Drivers/STM32F1xx_HAL_Driver/Src/stm32f1xx_hal_dma.c.obj
 .debug_line    0x00002c0d      0x5c2 CMakeFiles/EEHOMEWORK.elf.dir/Drivers/STM32F1xx_HAL_Driver/Src/stm32f1xx_hal_gpio.c.obj
 .debug_line    0x000031cf      0x94e CMakeFiles/EEHOMEWORK.elf.dir/Drivers/STM32F1xx_HAL_Driver/Src/stm32f1xx_hal_rcc.c.obj
 .debug_line    0x00003b1d      0x46f CMakeFiles/EEHOMEWORK.elf.dir/Drivers/STM32F1xx_HAL_Driver/Src/stm32f1xx_hal_rcc_ex.c.obj
 .debug_line    0x00003f8c     0x1748 CMakeFiles/EEHOMEWORK.elf.dir/Drivers/STM32F1xx_HAL_Driver/Src/stm32f1xx_hal_spi.c.obj
 .debug_line    0x000056d4     0x2515 CMakeFiles/EEHOMEWORK.elf.dir/Drivers/STM32F1xx_HAL_Driver/Src/stm32f1xx_hal_tim.c.obj
 .debug_line    0x00007be9      0xd38 CMakeFiles/EEHOMEWORK.elf.dir/Drivers/STM32F1xx_HAL_Driver/Src/stm32f1xx_hal_tim_ex.c.obj
 .debug_line    0x00008921     0x130a CMakeFiles/EEHOMEWORK.elf.dir/Drivers/STM32F1xx_HAL_Driver/Src/stm32f1xx_hal_uart.c.obj
 .debug_line    0x00009c2b      0x317 CMakeFiles/EEHOMEWORK.elf.dir/Src/adc.c.obj
 .debug_line    0x00009f42      0x2f3 CMakeFiles/EEHOMEWORK.elf.dir/Src/dac.c.obj
 .debug_line    0x0000a235      0x28a CMakeFiles/EEHOMEWORK.elf.dir/Src/delay.c.obj
 .debug_line    0x0000a4bf      0x241 CMakeFiles/EEHOMEWORK.elf.dir/Src/gpio.c.obj
 .debug_line    0x0000a700      0x261 CMakeFiles/EEHOMEWORK.elf.dir/Src/infrared_emission.c.obj
 .debug_line    0x0000a961      0x4da CMakeFiles/EEHOMEWORK.elf.dir/Src/main.c.obj
 .debug_line    0x0000ae3b      0x2d7 CMakeFiles/EEHOMEWORK.elf.dir/Src/smg.c.obj
 .debug_line    0x0000b112      0x306 CMakeFiles/EEHOMEWORK.elf.dir/Src/spi.c.obj
 .debug_line    0x0000b418      0x218 CMakeFiles/EEHOMEWORK.elf.dir/Src/stm32f1xx_hal_msp.c.obj
 .debug_line    0x0000b630      0x34e CMakeFiles/EEHOMEWORK.elf.dir/Src/stm32f1xx_it.c.obj
 .debug_line    0x0000b97e      0x42f CMakeFiles/EEHOMEWORK.elf.dir/Src/syscalls.c.obj
 .debug_line    0x0000bdad      0x2cb CMakeFiles/EEHOMEWORK.elf.dir/Src/system_stm32f1xx.c.obj
 .debug_line    0x0000c078      0x312 CMakeFiles/EEHOMEWORK.elf.dir/Src/tim.c.obj
 .debug_line    0x0000c38a      0x30b CMakeFiles/EEHOMEWORK.elf.dir/Src/usart.c.obj
 .debug_line    0x0000c695       0x9c CMakeFiles/EEHOMEWORK.elf.dir/startup/startup_stm32f103xe.s.obj

.debug_str      0x00000000     0x4dd4
 .debug_str     0x00000000      0x8e3 CMakeFiles/EEHOMEWORK.elf.dir/Drivers/STM32F1xx_HAL_Driver/Src/stm32f1xx_hal.c.obj
                                0x951 (size before relaxing)
 .debug_str     0x000008e3      0x63c CMakeFiles/EEHOMEWORK.elf.dir/Drivers/STM32F1xx_HAL_Driver/Src/stm32f1xx_hal_adc.c.obj
                                0x96d (size before relaxing)
 .debug_str     0x00000f1f      0x429 CMakeFiles/EEHOMEWORK.elf.dir/Drivers/STM32F1xx_HAL_Driver/Src/stm32f1xx_hal_cortex.c.obj
                                0xab8 (size before relaxing)
 .debug_str     0x00001348      0x345 CMakeFiles/EEHOMEWORK.elf.dir/Drivers/STM32F1xx_HAL_Driver/Src/stm32f1xx_hal_dac.c.obj
                                0x811 (size before relaxing)
 .debug_str     0x0000168d      0x25e CMakeFiles/EEHOMEWORK.elf.dir/Drivers/STM32F1xx_HAL_Driver/Src/stm32f1xx_hal_dma.c.obj
                                0x716 (size before relaxing)
 .debug_str     0x000018eb      0x1e2 CMakeFiles/EEHOMEWORK.elf.dir/Drivers/STM32F1xx_HAL_Driver/Src/stm32f1xx_hal_gpio.c.obj
                                0x525 (size before relaxing)
 .debug_str     0x00001acd      0x33a CMakeFiles/EEHOMEWORK.elf.dir/Drivers/STM32F1xx_HAL_Driver/Src/stm32f1xx_hal_rcc.c.obj
                                0x6e0 (size before relaxing)
 .debug_str     0x00001e07      0x170 CMakeFiles/EEHOMEWORK.elf.dir/Drivers/STM32F1xx_HAL_Driver/Src/stm32f1xx_hal_rcc_ex.c.obj
                                0x4eb (size before relaxing)
 .debug_str     0x00001f77      0x714 CMakeFiles/EEHOMEWORK.elf.dir/Drivers/STM32F1xx_HAL_Driver/Src/stm32f1xx_hal_spi.c.obj
                                0xc13 (size before relaxing)
 .debug_str     0x0000268b      0xfd6 CMakeFiles/EEHOMEWORK.elf.dir/Drivers/STM32F1xx_HAL_Driver/Src/stm32f1xx_hal_tim.c.obj
                               0x1503 (size before relaxing)
 .debug_str     0x00003661      0x598 CMakeFiles/EEHOMEWORK.elf.dir/Drivers/STM32F1xx_HAL_Driver/Src/stm32f1xx_hal_tim_ex.c.obj
                                0xd03 (size before relaxing)
 .debug_str     0x00003bf9      0x69b CMakeFiles/EEHOMEWORK.elf.dir/Drivers/STM32F1xx_HAL_Driver/Src/stm32f1xx_hal_uart.c.obj
                                0xc27 (size before relaxing)
 .debug_str     0x00004294       0x59 CMakeFiles/EEHOMEWORK.elf.dir/Src/adc.c.obj
                                0x6f0 (size before relaxing)
 .debug_str     0x000042ed       0x42 CMakeFiles/EEHOMEWORK.elf.dir/Src/dac.c.obj
                                0x6cb (size before relaxing)
 .debug_str     0x0000432f       0x68 CMakeFiles/EEHOMEWORK.elf.dir/Src/delay.c.obj
                                0x32b (size before relaxing)
 .debug_str     0x00004397       0x3a CMakeFiles/EEHOMEWORK.elf.dir/Src/gpio.c.obj
                                0x37d (size before relaxing)
 .debug_str     0x000043d1       0x50 CMakeFiles/EEHOMEWORK.elf.dir/Src/infrared_emission.c.obj
                                0x305 (size before relaxing)
 .debug_str     0x00004421      0x45c CMakeFiles/EEHOMEWORK.elf.dir/Src/main.c.obj
                               0x1252 (size before relaxing)
 .debug_str     0x0000487d       0x49 CMakeFiles/EEHOMEWORK.elf.dir/Src/smg.c.obj
                                0x6dc (size before relaxing)
 .debug_str     0x000048c6       0x43 CMakeFiles/EEHOMEWORK.elf.dir/Src/spi.c.obj
                                0x794 (size before relaxing)
 .debug_str     0x00004909       0x3a CMakeFiles/EEHOMEWORK.elf.dir/Src/stm32f1xx_hal_msp.c.obj
                                0x33f (size before relaxing)
 .debug_str     0x00004943       0xe7 CMakeFiles/EEHOMEWORK.elf.dir/Src/stm32f1xx_it.c.obj
                                0x8ef (size before relaxing)
 .debug_str     0x00004a2a      0x25b CMakeFiles/EEHOMEWORK.elf.dir/Src/syscalls.c.obj
                                0x88b (size before relaxing)
 .debug_str     0x00004c85       0x6c CMakeFiles/EEHOMEWORK.elf.dir/Src/system_stm32f1xx.c.obj
                                0x394 (size before relaxing)
 .debug_str     0x00004cf1       0x48 CMakeFiles/EEHOMEWORK.elf.dir/Src/tim.c.obj
                                0xbaa (size before relaxing)
 .debug_str     0x00004d39       0x4d CMakeFiles/EEHOMEWORK.elf.dir/Src/usart.c.obj
                                0xb00 (size before relaxing)
 .debug_str     0x00004d86       0x4e CMakeFiles/EEHOMEWORK.elf.dir/startup/startup_stm32f103xe.s.obj
                                 0x82 (size before relaxing)

.comment        0x00000000       0x79
 .comment       0x00000000       0x79 CMakeFiles/EEHOMEWORK.elf.dir/Drivers/STM32F1xx_HAL_Driver/Src/stm32f1xx_hal.c.obj
                                 0x7a (size before relaxing)
 .comment       0x00000079       0x7a CMakeFiles/EEHOMEWORK.elf.dir/Drivers/STM32F1xx_HAL_Driver/Src/stm32f1xx_hal_adc.c.obj
 .comment       0x00000079       0x7a CMakeFiles/EEHOMEWORK.elf.dir/Drivers/STM32F1xx_HAL_Driver/Src/stm32f1xx_hal_cortex.c.obj
 .comment       0x00000079       0x7a CMakeFiles/EEHOMEWORK.elf.dir/Drivers/STM32F1xx_HAL_Driver/Src/stm32f1xx_hal_dac.c.obj
 .comment       0x00000079       0x7a CMakeFiles/EEHOMEWORK.elf.dir/Drivers/STM32F1xx_HAL_Driver/Src/stm32f1xx_hal_dma.c.obj
 .comment       0x00000079       0x7a CMakeFiles/EEHOMEWORK.elf.dir/Drivers/STM32F1xx_HAL_Driver/Src/stm32f1xx_hal_gpio.c.obj
 .comment       0x00000079       0x7a CMakeFiles/EEHOMEWORK.elf.dir/Drivers/STM32F1xx_HAL_Driver/Src/stm32f1xx_hal_rcc.c.obj
 .comment       0x00000079       0x7a CMakeFiles/EEHOMEWORK.elf.dir/Drivers/STM32F1xx_HAL_Driver/Src/stm32f1xx_hal_rcc_ex.c.obj
 .comment       0x00000079       0x7a CMakeFiles/EEHOMEWORK.elf.dir/Drivers/STM32F1xx_HAL_Driver/Src/stm32f1xx_hal_spi.c.obj
 .comment       0x00000079       0x7a CMakeFiles/EEHOMEWORK.elf.dir/Drivers/STM32F1xx_HAL_Driver/Src/stm32f1xx_hal_tim.c.obj
 .comment       0x00000079       0x7a CMakeFiles/EEHOMEWORK.elf.dir/Drivers/STM32F1xx_HAL_Driver/Src/stm32f1xx_hal_tim_ex.c.obj
 .comment       0x00000079       0x7a CMakeFiles/EEHOMEWORK.elf.dir/Drivers/STM32F1xx_HAL_Driver/Src/stm32f1xx_hal_uart.c.obj
 .comment       0x00000079       0x7a CMakeFiles/EEHOMEWORK.elf.dir/Src/adc.c.obj
 .comment       0x00000079       0x7a CMakeFiles/EEHOMEWORK.elf.dir/Src/dac.c.obj
 .comment       0x00000079       0x7a CMakeFiles/EEHOMEWORK.elf.dir/Src/delay.c.obj
 .comment       0x00000079       0x7a CMakeFiles/EEHOMEWORK.elf.dir/Src/gpio.c.obj
 .comment       0x00000079       0x7a CMakeFiles/EEHOMEWORK.elf.dir/Src/infrared_emission.c.obj
 .comment       0x00000079       0x7a CMakeFiles/EEHOMEWORK.elf.dir/Src/main.c.obj
 .comment       0x00000079       0x7a CMakeFiles/EEHOMEWORK.elf.dir/Src/smg.c.obj
 .comment       0x00000079       0x7a CMakeFiles/EEHOMEWORK.elf.dir/Src/spi.c.obj
 .comment       0x00000079       0x7a CMakeFiles/EEHOMEWORK.elf.dir/Src/stm32f1xx_hal_msp.c.obj
 .comment       0x00000079       0x7a CMakeFiles/EEHOMEWORK.elf.dir/Src/stm32f1xx_it.c.obj
 .comment       0x00000079       0x7a CMakeFiles/EEHOMEWORK.elf.dir/Src/syscalls.c.obj
 .comment       0x00000079       0x7a CMakeFiles/EEHOMEWORK.elf.dir/Src/system_stm32f1xx.c.obj
 .comment       0x00000079       0x7a CMakeFiles/EEHOMEWORK.elf.dir/Src/tim.c.obj
 .comment       0x00000079       0x7a CMakeFiles/EEHOMEWORK.elf.dir/Src/usart.c.obj

.debug_frame    0x00000000     0x4e3c
 .debug_frame   0x00000000      0x334 CMakeFiles/EEHOMEWORK.elf.dir/Drivers/STM32F1xx_HAL_Driver/Src/stm32f1xx_hal.c.obj
 .debug_frame   0x00000334      0x40c CMakeFiles/EEHOMEWORK.elf.dir/Drivers/STM32F1xx_HAL_Driver/Src/stm32f1xx_hal_adc.c.obj
 .debug_frame   0x00000740      0x428 CMakeFiles/EEHOMEWORK.elf.dir/Drivers/STM32F1xx_HAL_Driver/Src/stm32f1xx_hal_cortex.c.obj
 .debug_frame   0x00000b68      0x33c CMakeFiles/EEHOMEWORK.elf.dir/Drivers/STM32F1xx_HAL_Driver/Src/stm32f1xx_hal_dac.c.obj
 .debug_frame   0x00000ea4      0x20c CMakeFiles/EEHOMEWORK.elf.dir/Drivers/STM32F1xx_HAL_Driver/Src/stm32f1xx_hal_dma.c.obj
 .debug_frame   0x000010b0      0x14c CMakeFiles/EEHOMEWORK.elf.dir/Drivers/STM32F1xx_HAL_Driver/Src/stm32f1xx_hal_gpio.c.obj
 .debug_frame   0x000011fc      0x21c CMakeFiles/EEHOMEWORK.elf.dir/Drivers/STM32F1xx_HAL_Driver/Src/stm32f1xx_hal_rcc.c.obj
 .debug_frame   0x00001418       0x84 CMakeFiles/EEHOMEWORK.elf.dir/Drivers/STM32F1xx_HAL_Driver/Src/stm32f1xx_hal_rcc_ex.c.obj
 .debug_frame   0x0000149c      0x824 CMakeFiles/EEHOMEWORK.elf.dir/Drivers/STM32F1xx_HAL_Driver/Src/stm32f1xx_hal_spi.c.obj
 .debug_frame   0x00001cc0     0x10f0 CMakeFiles/EEHOMEWORK.elf.dir/Drivers/STM32F1xx_HAL_Driver/Src/stm32f1xx_hal_tim.c.obj
 .debug_frame   0x00002db0      0x5c0 CMakeFiles/EEHOMEWORK.elf.dir/Drivers/STM32F1xx_HAL_Driver/Src/stm32f1xx_hal_tim_ex.c.obj
 .debug_frame   0x00003370      0x834 CMakeFiles/EEHOMEWORK.elf.dir/Drivers/STM32F1xx_HAL_Driver/Src/stm32f1xx_hal_uart.c.obj
 .debug_frame   0x00003ba4       0x7c CMakeFiles/EEHOMEWORK.elf.dir/Src/adc.c.obj
 .debug_frame   0x00003c20       0x7c CMakeFiles/EEHOMEWORK.elf.dir/Src/dac.c.obj
 .debug_frame   0x00003c9c       0x80 CMakeFiles/EEHOMEWORK.elf.dir/Src/delay.c.obj
 .debug_frame   0x00003d1c       0x34 CMakeFiles/EEHOMEWORK.elf.dir/Src/gpio.c.obj
 .debug_frame   0x00003d50       0x58 CMakeFiles/EEHOMEWORK.elf.dir/Src/infrared_emission.c.obj
 .debug_frame   0x00003da8       0xb8 CMakeFiles/EEHOMEWORK.elf.dir/Src/main.c.obj
 .debug_frame   0x00003e60       0x34 CMakeFiles/EEHOMEWORK.elf.dir/Src/smg.c.obj
 .debug_frame   0x00003e94       0x74 CMakeFiles/EEHOMEWORK.elf.dir/Src/spi.c.obj
 .debug_frame   0x00003f08       0x38 CMakeFiles/EEHOMEWORK.elf.dir/Src/stm32f1xx_hal_msp.c.obj
 .debug_frame   0x00003f40      0x144 CMakeFiles/EEHOMEWORK.elf.dir/Src/stm32f1xx_it.c.obj
 .debug_frame   0x00004084      0x2d0 CMakeFiles/EEHOMEWORK.elf.dir/Src/syscalls.c.obj
 .debug_frame   0x00004354       0x58 CMakeFiles/EEHOMEWORK.elf.dir/Src/system_stm32f1xx.c.obj
 .debug_frame   0x000043ac       0xa4 CMakeFiles/EEHOMEWORK.elf.dir/Src/tim.c.obj
 .debug_frame   0x00004450       0x74 CMakeFiles/EEHOMEWORK.elf.dir/Src/usart.c.obj
 .debug_frame   0x000044c4       0xac c:/progra~2/gnutoo~1/92019-~1/bin/../lib/gcc/arm-none-eabi/9.2.1/thumb/v7-m/nofp\libgcc.a(_arm_addsubdf3.o)
 .debug_frame   0x00004570       0x50 c:/progra~2/gnutoo~1/92019-~1/bin/../lib/gcc/arm-none-eabi/9.2.1/thumb/v7-m/nofp\libgcc.a(_arm_muldivdf3.o)
 .debug_frame   0x000045c0       0x24 c:/progra~2/gnutoo~1/92019-~1/bin/../lib/gcc/arm-none-eabi/9.2.1/thumb/v7-m/nofp\libgcc.a(_arm_fixdfsi.o)
 .debug_frame   0x000045e4       0x24 c:/progra~2/gnutoo~1/92019-~1/bin/../lib/gcc/arm-none-eabi/9.2.1/thumb/v7-m/nofp\libgcc.a(_arm_fixunsdfsi.o)
 .debug_frame   0x00004608       0x20 c:/progra~2/gnutoo~1/92019-~1/bin/../lib/gcc/arm-none-eabi/9.2.1/../../../../arm-none-eabi/lib/thumb/v7-m/nofp\libg_nano.a(lib_a-errno.o)
 .debug_frame   0x00004628       0x2c c:/progra~2/gnutoo~1/92019-~1/bin/../lib/gcc/arm-none-eabi/9.2.1/../../../../arm-none-eabi/lib/thumb/v7-m/nofp\libg_nano.a(lib_a-init.o)
 .debug_frame   0x00004654       0x20 c:/progra~2/gnutoo~1/92019-~1/bin/../lib/gcc/arm-none-eabi/9.2.1/../../../../arm-none-eabi/lib/thumb/v7-m/nofp\libg_nano.a(lib_a-memset.o)
 .debug_frame   0x00004674       0x74 c:/progra~2/gnutoo~1/92019-~1/bin/../lib/gcc/arm-none-eabi/9.2.1/../../../../arm-none-eabi/lib/thumb/v7-m/nofp\libg_nano.a(lib_a-printf.o)
 .debug_frame   0x000046e8      0x14c c:/progra~2/gnutoo~1/92019-~1/bin/../lib/gcc/arm-none-eabi/9.2.1/../../../../arm-none-eabi/lib/thumb/v7-m/nofp\libg_nano.a(lib_a-findfp.o)
 .debug_frame   0x00004834       0x54 c:/progra~2/gnutoo~1/92019-~1/bin/../lib/gcc/arm-none-eabi/9.2.1/../../../../arm-none-eabi/lib/thumb/v7-m/nofp\libg_nano.a(lib_a-fwalk.o)
 .debug_frame   0x00004888       0xb0 c:/progra~2/gnutoo~1/92019-~1/bin/../lib/gcc/arm-none-eabi/9.2.1/../../../../arm-none-eabi/lib/thumb/v7-m/nofp\libg_nano.a(lib_a-lock.o)
 .debug_frame   0x00004938       0x30 c:/progra~2/gnutoo~1/92019-~1/bin/../lib/gcc/arm-none-eabi/9.2.1/../../../../arm-none-eabi/lib/thumb/v7-m/nofp\libg_nano.a(lib_a-nano-mallocr.o)
 .debug_frame   0x00004968       0xac c:/progra~2/gnutoo~1/92019-~1/bin/../lib/gcc/arm-none-eabi/9.2.1/../../../../arm-none-eabi/lib/thumb/v7-m/nofp\libg_nano.a(lib_a-nano-vfprintf.o)
 .debug_frame   0x00004a14       0x60 c:/progra~2/gnutoo~1/92019-~1/bin/../lib/gcc/arm-none-eabi/9.2.1/../../../../arm-none-eabi/lib/thumb/v7-m/nofp\libg_nano.a(lib_a-nano-vfprintf_i.o)
 .debug_frame   0x00004a74       0x2c c:/progra~2/gnutoo~1/92019-~1/bin/../lib/gcc/arm-none-eabi/9.2.1/../../../../arm-none-eabi/lib/thumb/v7-m/nofp\libg_nano.a(lib_a-sbrkr.o)
 .debug_frame   0x00004aa0       0x88 c:/progra~2/gnutoo~1/92019-~1/bin/../lib/gcc/arm-none-eabi/9.2.1/../../../../arm-none-eabi/lib/thumb/v7-m/nofp\libg_nano.a(lib_a-stdio.o)
 .debug_frame   0x00004b28       0x40 c:/progra~2/gnutoo~1/92019-~1/bin/../lib/gcc/arm-none-eabi/9.2.1/../../../../arm-none-eabi/lib/thumb/v7-m/nofp\libg_nano.a(lib_a-wbuf.o)
 .debug_frame   0x00004b68       0x2c c:/progra~2/gnutoo~1/92019-~1/bin/../lib/gcc/arm-none-eabi/9.2.1/../../../../arm-none-eabi/lib/thumb/v7-m/nofp\libg_nano.a(lib_a-writer.o)
 .debug_frame   0x00004b94       0x2c c:/progra~2/gnutoo~1/92019-~1/bin/../lib/gcc/arm-none-eabi/9.2.1/../../../../arm-none-eabi/lib/thumb/v7-m/nofp\libg_nano.a(lib_a-wsetup.o)
 .debug_frame   0x00004bc0       0x2c c:/progra~2/gnutoo~1/92019-~1/bin/../lib/gcc/arm-none-eabi/9.2.1/../../../../arm-none-eabi/lib/thumb/v7-m/nofp\libg_nano.a(lib_a-closer.o)
 .debug_frame   0x00004bec       0x5c c:/progra~2/gnutoo~1/92019-~1/bin/../lib/gcc/arm-none-eabi/9.2.1/../../../../arm-none-eabi/lib/thumb/v7-m/nofp\libg_nano.a(lib_a-fflush.o)
 .debug_frame   0x00004c48       0x2c c:/progra~2/gnutoo~1/92019-~1/bin/../lib/gcc/arm-none-eabi/9.2.1/../../../../arm-none-eabi/lib/thumb/v7-m/nofp\libg_nano.a(lib_a-lseekr.o)
 .debug_frame   0x00004c74       0x58 c:/progra~2/gnutoo~1/92019-~1/bin/../lib/gcc/arm-none-eabi/9.2.1/../../../../arm-none-eabi/lib/thumb/v7-m/nofp\libg_nano.a(lib_a-makebuf.o)
 .debug_frame   0x00004ccc       0x28 c:/progra~2/gnutoo~1/92019-~1/bin/../lib/gcc/arm-none-eabi/9.2.1/../../../../arm-none-eabi/lib/thumb/v7-m/nofp\libg_nano.a(lib_a-memchr-stub.o)
 .debug_frame   0x00004cf4       0x30 c:/progra~2/gnutoo~1/92019-~1/bin/../lib/gcc/arm-none-eabi/9.2.1/../../../../arm-none-eabi/lib/thumb/v7-m/nofp\libg_nano.a(lib_a-mlock.o)
 .debug_frame   0x00004d24       0x38 c:/progra~2/gnutoo~1/92019-~1/bin/../lib/gcc/arm-none-eabi/9.2.1/../../../../arm-none-eabi/lib/thumb/v7-m/nofp\libg_nano.a(lib_a-nano-freer.o)
 .debug_frame   0x00004d5c       0x2c c:/progra~2/gnutoo~1/92019-~1/bin/../lib/gcc/arm-none-eabi/9.2.1/../../../../arm-none-eabi/lib/thumb/v7-m/nofp\libg_nano.a(lib_a-readr.o)
 .debug_frame   0x00004d88       0x5c c:/progra~2/gnutoo~1/92019-~1/bin/../lib/gcc/arm-none-eabi/9.2.1/../../../../arm-none-eabi/lib/thumb/v7-m/nofp\libg_nano.a(lib_a-reent.o)
 .debug_frame   0x00004de4       0x2c c:/progra~2/gnutoo~1/92019-~1/bin/../lib/gcc/arm-none-eabi/9.2.1/../../../../arm-none-eabi/lib/thumb/v7-m/nofp\libg_nano.a(lib_a-fstatr.o)
 .debug_frame   0x00004e10       0x2c c:/progra~2/gnutoo~1/92019-~1/bin/../lib/gcc/arm-none-eabi/9.2.1/../../../../arm-none-eabi/lib/thumb/v7-m/nofp\libg_nano.a(lib_a-isattyr.o)